Archive member included to satisfy reference by file (symbol)

c:/st/stm32cubeide_1.7.0/stm32cubeide/plugins/com.st.stm32cube.ide.mcu.externaltools.gnu-tools-for-stm32.9-2020-q2-update.win32_2.0.0.202105311346/tools/bin/../lib/gcc/arm-none-eabi/9.3.1/../../../../arm-none-eabi/lib/thumb/v6-m/nofp\libc_nano.a(lib_a-errno.o)
                              ./Core/Src/syscalls.o (__errno)
c:/st/stm32cubeide_1.7.0/stm32cubeide/plugins/com.st.stm32cube.ide.mcu.externaltools.gnu-tools-for-stm32.9-2020-q2-update.win32_2.0.0.202105311346/tools/bin/../lib/gcc/arm-none-eabi/9.3.1/../../../../arm-none-eabi/lib/thumb/v6-m/nofp\libc_nano.a(lib_a-exit.o)
                              c:/st/stm32cubeide_1.7.0/stm32cubeide/plugins/com.st.stm32cube.ide.mcu.externaltools.gnu-tools-for-stm32.9-2020-q2-update.win32_2.0.0.202105311346/tools/bin/../lib/gcc/arm-none-eabi/9.3.1/../../../../arm-none-eabi/lib/thumb/v6-m/nofp/crt0.o (exit)
c:/st/stm32cubeide_1.7.0/stm32cubeide/plugins/com.st.stm32cube.ide.mcu.externaltools.gnu-tools-for-stm32.9-2020-q2-update.win32_2.0.0.202105311346/tools/bin/../lib/gcc/arm-none-eabi/9.3.1/../../../../arm-none-eabi/lib/thumb/v6-m/nofp\libc_nano.a(lib_a-impure.o)
                              c:/st/stm32cubeide_1.7.0/stm32cubeide/plugins/com.st.stm32cube.ide.mcu.externaltools.gnu-tools-for-stm32.9-2020-q2-update.win32_2.0.0.202105311346/tools/bin/../lib/gcc/arm-none-eabi/9.3.1/../../../../arm-none-eabi/lib/thumb/v6-m/nofp\libc_nano.a(lib_a-exit.o) (_global_impure_ptr)
c:/st/stm32cubeide_1.7.0/stm32cubeide/plugins/com.st.stm32cube.ide.mcu.externaltools.gnu-tools-for-stm32.9-2020-q2-update.win32_2.0.0.202105311346/tools/bin/../lib/gcc/arm-none-eabi/9.3.1/../../../../arm-none-eabi/lib/thumb/v6-m/nofp\libc_nano.a(lib_a-init.o)
                              c:/st/stm32cubeide_1.7.0/stm32cubeide/plugins/com.st.stm32cube.ide.mcu.externaltools.gnu-tools-for-stm32.9-2020-q2-update.win32_2.0.0.202105311346/tools/bin/../lib/gcc/arm-none-eabi/9.3.1/../../../../arm-none-eabi/lib/thumb/v6-m/nofp/crt0.o (__libc_init_array)
c:/st/stm32cubeide_1.7.0/stm32cubeide/plugins/com.st.stm32cube.ide.mcu.externaltools.gnu-tools-for-stm32.9-2020-q2-update.win32_2.0.0.202105311346/tools/bin/../lib/gcc/arm-none-eabi/9.3.1/../../../../arm-none-eabi/lib/thumb/v6-m/nofp\libc_nano.a(lib_a-memcpy-stub.o)
                              ./ThirdParty/FreeRTOS/queue.o (memcpy)
c:/st/stm32cubeide_1.7.0/stm32cubeide/plugins/com.st.stm32cube.ide.mcu.externaltools.gnu-tools-for-stm32.9-2020-q2-update.win32_2.0.0.202105311346/tools/bin/../lib/gcc/arm-none-eabi/9.3.1/../../../../arm-none-eabi/lib/thumb/v6-m/nofp\libc_nano.a(lib_a-memset.o)
                              c:/st/stm32cubeide_1.7.0/stm32cubeide/plugins/com.st.stm32cube.ide.mcu.externaltools.gnu-tools-for-stm32.9-2020-q2-update.win32_2.0.0.202105311346/tools/bin/../lib/gcc/arm-none-eabi/9.3.1/../../../../arm-none-eabi/lib/thumb/v6-m/nofp/crt0.o (memset)
c:/st/stm32cubeide_1.7.0/stm32cubeide/plugins/com.st.stm32cube.ide.mcu.externaltools.gnu-tools-for-stm32.9-2020-q2-update.win32_2.0.0.202105311346/tools/bin/../lib/gcc/arm-none-eabi/9.3.1/thumb/v6-m/nofp\libgcc.a(_udivsi3.o)
                              ./Core/Src/system_stm32f0xx.o (__aeabi_uidiv)
c:/st/stm32cubeide_1.7.0/stm32cubeide/plugins/com.st.stm32cube.ide.mcu.externaltools.gnu-tools-for-stm32.9-2020-q2-update.win32_2.0.0.202105311346/tools/bin/../lib/gcc/arm-none-eabi/9.3.1/thumb/v6-m/nofp\libgcc.a(_dvmd_tls.o)
                              c:/st/stm32cubeide_1.7.0/stm32cubeide/plugins/com.st.stm32cube.ide.mcu.externaltools.gnu-tools-for-stm32.9-2020-q2-update.win32_2.0.0.202105311346/tools/bin/../lib/gcc/arm-none-eabi/9.3.1/thumb/v6-m/nofp\libgcc.a(_udivsi3.o) (__aeabi_idiv0)

Allocating common symbols
Common symbol       size              file

uwTick              0x4               ./Drivers/STM32F0xx_HAL_Driver/Src/stm32f0xx_hal.o
xQueueRegistry      0x40              ./ThirdParty/FreeRTOS/queue.o
pFlash              0x20              ./Drivers/STM32F0xx_HAL_Driver/Src/stm32f0xx_hal_flash.o

Discarded input sections

 .text          0x0000000000000000        0x0 c:/st/stm32cubeide_1.7.0/stm32cubeide/plugins/com.st.stm32cube.ide.mcu.externaltools.gnu-tools-for-stm32.9-2020-q2-update.win32_2.0.0.202105311346/tools/bin/../lib/gcc/arm-none-eabi/9.3.1/thumb/v6-m/nofp/crti.o
 .data          0x0000000000000000        0x0 c:/st/stm32cubeide_1.7.0/stm32cubeide/plugins/com.st.stm32cube.ide.mcu.externaltools.gnu-tools-for-stm32.9-2020-q2-update.win32_2.0.0.202105311346/tools/bin/../lib/gcc/arm-none-eabi/9.3.1/thumb/v6-m/nofp/crti.o
 .bss           0x0000000000000000        0x0 c:/st/stm32cubeide_1.7.0/stm32cubeide/plugins/com.st.stm32cube.ide.mcu.externaltools.gnu-tools-for-stm32.9-2020-q2-update.win32_2.0.0.202105311346/tools/bin/../lib/gcc/arm-none-eabi/9.3.1/thumb/v6-m/nofp/crti.o
[...]
Memory Configuration

Name             Origin             Length             Attributes
RAM              0x0000000020000000 0x0000000000002000 xrw
FLASH            0x0000000008000000 0x0000000000010000 xr
*default*        0x0000000000000000 0xffffffffffffffff

Linker script and memory map

LOAD c:/st/stm32cubeide_1.7.0/stm32cubeide/plugins/com.st.stm32cube.ide.mcu.externaltools.gnu-tools-for-stm32.9-2020-q2-update.win32_2.0.0.202105311346/tools/bin/../lib/gcc/arm-none-eabi/9.3.1/thumb/v6-m/nofp/crti.o
LOAD c:/st/stm32cubeide_1.7.0/stm32cubeide/plugins/com.st.stm32cube.ide.mcu.externaltools.gnu-tools-for-stm32.9-2020-q2-update.win32_2.0.0.202105311346/tools/bin/../lib/gcc/arm-none-eabi/9.3.1/thumb/v6-m/nofp/crtbegin.o
LOAD c:/st/stm32cubeide_1.7.0/stm32cubeide/plugins/com.st.stm32cube.ide.mcu.externaltools.gnu-tools-for-stm32.9-2020-q2-update.win32_2.0.0.202105311346/tools/bin/../lib/gcc/arm-none-eabi/9.3.1/../../../../arm-none-eabi/lib/thumb/v6-m/nofp/crt0.o
LOAD ./Core/Src/main.o
LOAD ./Core/Src/stm32f0xx_hal_msp.o
LOAD ./Core/Src/stm32f0xx_it.o
LOAD ./Core/Src/syscalls.o
LOAD ./Core/Src/system_stm32f0xx.o
LOAD ./Core/Startup/startup_stm32f051r8tx.o
LOAD ./Drivers/STM32F0xx_HAL_Driver/Src/stm32f0xx_hal.o
LOAD ./Drivers/STM32F0xx_HAL_Driver/Src/stm32f0xx_hal_cortex.o
LOAD ./Drivers/STM32F0xx_HAL_Driver/Src/stm32f0xx_hal_dma.o
LOAD ./Drivers/STM32F0xx_HAL_Driver/Src/stm32f0xx_hal_exti.o
LOAD ./Drivers/STM32F0xx_HAL_Driver/Src/stm32f0xx_hal_flash.o
LOAD ./Drivers/STM32F0xx_HAL_Driver/Src/stm32f0xx_hal_flash_ex.o
LOAD ./Drivers/STM32F0xx_HAL_Driver/Src/stm32f0xx_hal_gpio.o
LOAD ./Drivers/STM32F0xx_HAL_Driver/Src/stm32f0xx_hal_i2c.o
LOAD ./Drivers/STM32F0xx_HAL_Driver/Src/stm32f0xx_hal_i2c_ex.o
LOAD ./Drivers/STM32F0xx_HAL_Driver/Src/stm32f0xx_hal_pwr.o
LOAD ./Drivers/STM32F0xx_HAL_Driver/Src/stm32f0xx_hal_pwr_ex.o
LOAD ./Drivers/STM32F0xx_HAL_Driver/Src/stm32f0xx_hal_rcc.o
LOAD ./Drivers/STM32F0xx_HAL_Driver/Src/stm32f0xx_hal_rcc_ex.o
LOAD ./Drivers/STM32F0xx_HAL_Driver/Src/stm32f0xx_hal_tim.o
LOAD ./Drivers/STM32F0xx_HAL_Driver/Src/stm32f0xx_hal_tim_ex.o
LOAD ./ThirdParty/FreeRTOS/croutine.o
LOAD ./ThirdParty/FreeRTOS/event_groups.o
LOAD ./ThirdParty/FreeRTOS/list.o
LOAD ./ThirdParty/FreeRTOS/queue.o
LOAD ./ThirdParty/FreeRTOS/stream_buffer.o
LOAD ./ThirdParty/FreeRTOS/tasks.o
LOAD ./ThirdParty/FreeRTOS/timers.o
LOAD ./ThirdParty/FreeRTOS/portable/GCC/ARM_CM0/port.o
LOAD ./ThirdParty/FreeRTOS/portable/MemMang/heap_4.o
START GROUP
LOAD c:/st/stm32cubeide_1.7.0/stm32cubeide/plugins/com.st.stm32cube.ide.mcu.externaltools.gnu-tools-for-stm32.9-2020-q2-update.win32_2.0.0.202105311346/tools/bin/../lib/gcc/arm-none-eabi/9.3.1/../../../../arm-none-eabi/lib/thumb/v6-m/nofp\libc_nano.a
LOAD c:/st/stm32cubeide_1.7.0/stm32cubeide/plugins/com.st.stm32cube.ide.mcu.externaltools.gnu-tools-for-stm32.9-2020-q2-update.win32_2.0.0.202105311346/tools/bin/../lib/gcc/arm-none-eabi/9.3.1/../../../../arm-none-eabi/lib/thumb/v6-m/nofp\libm.a
END GROUP
START GROUP
LOAD c:/st/stm32cubeide_1.7.0/stm32cubeide/plugins/com.st.stm32cube.ide.mcu.externaltools.gnu-tools-for-stm32.9-2020-q2-update.win32_2.0.0.202105311346/tools/bin/../lib/gcc/arm-none-eabi/9.3.1/thumb/v6-m/nofp\libgcc.a
LOAD c:/st/stm32cubeide_1.7.0/stm32cubeide/plugins/com.st.stm32cube.ide.mcu.externaltools.gnu-tools-for-stm32.9-2020-q2-update.win32_2.0.0.202105311346/tools/bin/../lib/gcc/arm-none-eabi/9.3.1/../../../../arm-none-eabi/lib/thumb/v6-m/nofp\libc_nano.a
END GROUP
START GROUP
LOAD c:/st/stm32cubeide_1.7.0/stm32cubeide/plugins/com.st.stm32cube.ide.mcu.externaltools.gnu-tools-for-stm32.9-2020-q2-update.win32_2.0.0.202105311346/tools/bin/../lib/gcc/arm-none-eabi/9.3.1/thumb/v6-m/nofp\libgcc.a
LOAD c:/st/stm32cubeide_1.7.0/stm32cubeide/plugins/com.st.stm32cube.ide.mcu.externaltools.gnu-tools-for-stm32.9-2020-q2-update.win32_2.0.0.202105311346/tools/bin/../lib/gcc/arm-none-eabi/9.3.1/../../../../arm-none-eabi/lib/thumb/v6-m/nofp\libc_nano.a
LOAD c:/st/stm32cubeide_1.7.0/stm32cubeide/plugins/com.st.stm32cube.ide.mcu.externaltools.gnu-tools-for-stm32.9-2020-q2-update.win32_2.0.0.202105311346/tools/bin/../lib/gcc/arm-none-eabi/9.3.1/../../../../arm-none-eabi/lib/thumb/v6-m/nofp\libnosys.a
END GROUP
START GROUP
LOAD c:/st/stm32cubeide_1.7.0/stm32cubeide/plugins/com.st.stm32cube.ide.mcu.externaltools.gnu-tools-for-stm32.9-2020-q2-update.win32_2.0.0.202105311346/tools/bin/../lib/gcc/arm-none-eabi/9.3.1/thumb/v6-m/nofp\libgcc.a
LOAD c:/st/stm32cubeide_1.7.0/stm32cubeide/plugins/com.st.stm32cube.ide.mcu.externaltools.gnu-tools-for-stm32.9-2020-q2-update.win32_2.0.0.202105311346/tools/bin/../lib/gcc/arm-none-eabi/9.3.1/../../../../arm-none-eabi/lib/thumb/v6-m/nofp\libc_nano.a
LOAD c:/st/stm32cubeide_1.7.0/stm32cubeide/plugins/com.st.stm32cube.ide.mcu.externaltools.gnu-tools-for-stm32.9-2020-q2-update.win32_2.0.0.202105311346/tools/bin/../lib/gcc/arm-none-eabi/9.3.1/../../../../arm-none-eabi/lib/thumb/v6-m/nofp\libnosys.a
END GROUP
LOAD c:/st/stm32cubeide_1.7.0/stm32cubeide/plugins/com.st.stm32cube.ide.mcu.externaltools.gnu-tools-for-stm32.9-2020-q2-update.win32_2.0.0.202105311346/tools/bin/../lib/gcc/arm-none-eabi/9.3.1/thumb/v6-m/nofp/crtend.o
LOAD c:/st/stm32cubeide_1.7.0/stm32cubeide/plugins/com.st.stm32cube.ide.mcu.externaltools.gnu-tools-for-stm32.9-2020-q2-update.win32_2.0.0.202105311346/tools/bin/../lib/gcc/arm-none-eabi/9.3.1/thumb/v6-m/nofp/crtn.o
                0x0000000020002000                _estack = (ORIGIN (RAM) + LENGTH (RAM))
                0x0000000000000200                _Min_Heap_Size = 0x200
                0x0000000000000400                _Min_Stack_Size = 0x400

.isr_vector     0x0000000008000000       0xc0
                0x0000000008000000                . = ALIGN (0x4)
 *(.isr_vector)
 .isr_vector    0x0000000008000000       0xc0 ./Core/Startup/startup_stm32f051r8tx.o
                0x0000000008000000                g_pfnVectors
                0x00000000080000c0                . = ALIGN (0x4)

.text           0x00000000080000c0     0x30b0
                0x00000000080000c0                . = ALIGN (0x4)
 *(.text)
 .text          0x00000000080000c0       0x48 c:/st/stm32cubeide_1.7.0/stm32cubeide/plugins/com.st.stm32cube.ide.mcu.externaltools.gnu-tools-for-stm32.9-2020-q2-update.win32_2.0.0.202105311346/tools/bin/../lib/gcc/arm-none-eabi/9.3.1/thumb/v6-m/nofp/crtbegin.o
 .text          0x0000000008000108      0x114 c:/st/stm32cubeide_1.7.0/stm32cubeide/plugins/com.st.stm32cube.ide.mcu.externaltools.gnu-tools-for-stm32.9-2020-q2-update.win32_2.0.0.202105311346/tools/bin/../lib/gcc/arm-none-eabi/9.3.1/thumb/v6-m/nofp\libgcc.a(_udivsi3.o)
                0x0000000008000108                __aeabi_uidiv
                0x0000000008000108                __udivsi3
                0x0000000008000214                __aeabi_uidivmod
 .text          0x000000000800021c        0x4 c:/st/stm32cubeide_1.7.0/stm32cubeide/plugins/com.st.stm32cube.ide.mcu.externaltools.gnu-tools-for-stm32.9-2020-q2-update.win32_2.0.0.202105311346/tools/bin/../lib/gcc/arm-none-eabi/9.3.1/thumb/v6-m/nofp\libgcc.a(_dvmd_tls.o)
                0x000000000800021c                __aeabi_idiv0
                0x000000000800021c                __aeabi_ldiv0
 *(.text*)
 .text.main     0x0000000008000220       0x4c ./Core/Src/main.o
                0x0000000008000220                main
 .text.SystemClock_Config
                0x000000000800026c       0x80 ./Core/Src/main.o
                0x000000000800026c                SystemClock_Config
 .text.MX_GPIO_Init
                0x00000000080002ec       0xb8 ./Core/Src/main.o
 .text.task1_handler
                0x00000000080003a4       0x10 ./Core/Src/main.o
 .text.Error_Handler
                0x00000000080003b4        0xa ./Core/Src/main.o
                0x00000000080003b4                Error_Handler
 *fill*         0x00000000080003be        0x2 
 .text.HAL_MspInit
                0x00000000080003c0       0x48 ./Core/Src/stm32f0xx_hal_msp.o
                0x00000000080003c0                HAL_MspInit
 .text.NMI_Handler
                0x0000000008000408        0x6 ./Core/Src/stm32f0xx_it.o
                0x0000000008000408                NMI_Handler
 .text.HardFault_Handler
                0x000000000800040e        0x6 ./Core/Src/stm32f0xx_it.o
                0x000000000800040e                HardFault_Handler
 .text.SystemInit
                0x0000000008000414        0xa ./Core/Src/system_stm32f0xx.o
                0x0000000008000414                SystemInit
 *fill*         0x000000000800041e        0x2 
 .text.Reset_Handler
                0x0000000008000420       0x50 ./Core/Startup/startup_stm32f051r8tx.o
                0x0000000008000420                Reset_Handler
 .text.Default_Handler
                0x0000000008000470        0x2 ./Core/Startup/startup_stm32f051r8tx.o
                0x0000000008000470                TIM1_CC_IRQHandler
                0x0000000008000470                TSC_IRQHandler
                0x0000000008000470                ADC1_COMP_IRQHandler
                0x0000000008000470                PVD_IRQHandler
                0x0000000008000470                I2C1_IRQHandler
                0x0000000008000470                RCC_CRS_IRQHandler
                0x0000000008000470                SPI1_IRQHandler
                0x0000000008000470                TIM6_DAC_IRQHandler
                0x0000000008000470                EXTI2_3_IRQHandler
                0x0000000008000470                I2C2_IRQHandler
                0x0000000008000470                TIM17_IRQHandler
                0x0000000008000470                CEC_CAN_IRQHandler
                0x0000000008000470                RTC_IRQHandler
                0x0000000008000470                TIM16_IRQHandler
                0x0000000008000470                TIM3_IRQHandler
                0x0000000008000470                EXTI4_15_IRQHandler
                0x0000000008000470                DMA1_Channel1_IRQHandler
                0x0000000008000470                Default_Handler
                0x0000000008000470                TIM14_IRQHandler
                0x0000000008000470                DMA1_Channel4_5_IRQHandler
                0x0000000008000470                TIM15_IRQHandler
                0x0000000008000470                EXTI0_1_IRQHandler
                0x0000000008000470                SPI2_IRQHandler
                0x0000000008000470                WWDG_IRQHandler
                0x0000000008000470                TIM2_IRQHandler
                0x0000000008000470                DMA1_Channel2_3_IRQHandler
                0x0000000008000470                USART2_IRQHandler
                0x0000000008000470                FLASH_IRQHandler
                0x0000000008000470                USART1_IRQHandler
                0x0000000008000470                TIM1_BRK_UP_TRG_COM_IRQHandler
 *fill*         0x0000000008000472        0x2 
 .text.HAL_Init
                0x0000000008000474       0x28 ./Drivers/STM32F0xx_HAL_Driver/Src/stm32f0xx_hal.o
                0x0000000008000474                HAL_Init
 .text.HAL_InitTick
                0x000000000800049c       0x68 ./Drivers/STM32F0xx_HAL_Driver/Src/stm32f0xx_hal.o
                0x000000000800049c                HAL_InitTick
 .text.HAL_GetTick
                0x0000000008000504       0x14 ./Drivers/STM32F0xx_HAL_Driver/Src/stm32f0xx_hal.o
                0x0000000008000504                HAL_GetTick
 .text.__NVIC_SetPriority
                0x0000000008000518       0xdc ./Drivers/STM32F0xx_HAL_Driver/Src/stm32f0xx_hal_cortex.o
 .text.SysTick_Config
                0x00000000080005f4       0x48 ./Drivers/STM32F0xx_HAL_Driver/Src/stm32f0xx_hal_cortex.o
 .text.HAL_NVIC_SetPriority
                0x000000000800063c       0x2a ./Drivers/STM32F0xx_HAL_Driver/Src/stm32f0xx_hal_cortex.o
                0x000000000800063c                HAL_NVIC_SetPriority
 .text.HAL_SYSTICK_Config
                0x0000000008000666       0x1a ./Drivers/STM32F0xx_HAL_Driver/Src/stm32f0xx_hal_cortex.o
                0x0000000008000666                HAL_SYSTICK_Config
 .text.HAL_GPIO_Init
                0x0000000008000680      0x2e0 ./Drivers/STM32F0xx_HAL_Driver/Src/stm32f0xx_hal_gpio.o
                0x0000000008000680                HAL_GPIO_Init
 .text.HAL_GPIO_WritePin
                0x0000000008000960       0x3a ./Drivers/STM32F0xx_HAL_Driver/Src/stm32f0xx_hal_gpio.o
                0x0000000008000960                HAL_GPIO_WritePin
 *fill*         0x000000000800099a        0x2 
 .text.HAL_RCC_OscConfig
                0x000000000800099c      0x634 ./Drivers/STM32F0xx_HAL_Driver/Src/stm32f0xx_hal_rcc.o
                0x000000000800099c                HAL_RCC_OscConfig
 .text.HAL_RCC_ClockConfig
                0x0000000008000fd0      0x19c ./Drivers/STM32F0xx_HAL_Driver/Src/stm32f0xx_hal_rcc.o
                0x0000000008000fd0                HAL_RCC_ClockConfig
 .text.HAL_RCC_GetSysClockFreq
                0x000000000800116c       0xac ./Drivers/STM32F0xx_HAL_Driver/Src/stm32f0xx_hal_rcc.o
                0x000000000800116c                HAL_RCC_GetSysClockFreq
 .text.vListInitialise
                0x0000000008001218       0x3c ./ThirdParty/FreeRTOS/list.o
                0x0000000008001218                vListInitialise
 .text.vListInitialiseItem
                0x0000000008001254       0x16 ./ThirdParty/FreeRTOS/list.o
                0x0000000008001254                vListInitialiseItem
 .text.vListInsert
                0x000000000800126a       0x6c ./ThirdParty/FreeRTOS/list.o
                0x000000000800126a                vListInsert
 .text.uxListRemove
                0x00000000080012d6       0x50 ./ThirdParty/FreeRTOS/list.o
                0x00000000080012d6                uxListRemove
 .text.xQueueGenericReset
                0x0000000008001326      0x112 ./ThirdParty/FreeRTOS/queue.o
                0x0000000008001326                xQueueGenericReset
 .text.xQueueGenericCreate
                0x0000000008001438       0xbc ./ThirdParty/FreeRTOS/queue.o
                0x0000000008001438                xQueueGenericCreate
 .text.prvInitialiseNewQueue
                0x00000000080014f4       0x4e ./ThirdParty/FreeRTOS/queue.o
 .text.xQueueReceive
                0x0000000008001542      0x16a ./ThirdParty/FreeRTOS/queue.o
                0x0000000008001542                xQueueReceive
 .text.prvCopyDataFromQueue
                0x00000000080016ac       0x4c ./ThirdParty/FreeRTOS/queue.o
 .text.prvUnlockQueue
                0x00000000080016f8       0xbc ./ThirdParty/FreeRTOS/queue.o
 .text.prvIsQueueEmpty
                0x00000000080017b4       0x2c ./ThirdParty/FreeRTOS/queue.o
 .text.vQueueAddToRegistry
                0x00000000080017e0       0x88 ./ThirdParty/FreeRTOS/queue.o
                0x00000000080017e0                vQueueAddToRegistry
 .text.vQueueWaitForMessageRestricted
                0x0000000008001868       0x66 ./ThirdParty/FreeRTOS/queue.o
                0x0000000008001868                vQueueWaitForMessageRestricted
 .text.xTaskCreate
                0x00000000080018ce       0x9c ./ThirdParty/FreeRTOS/tasks.o
                0x00000000080018ce                xTaskCreate
 *fill*         0x000000000800196a        0x2 
 .text.prvInitialiseNewTask
                0x000000000800196c      0x100 ./ThirdParty/FreeRTOS/tasks.o
 .text.prvAddNewTaskToReadyList
                0x0000000008001a6c      0x11c ./ThirdParty/FreeRTOS/tasks.o
 .text.vTaskStartScheduler
                0x0000000008001b88       0x80 ./ThirdParty/FreeRTOS/tasks.o
                0x0000000008001b88                vTaskStartScheduler
 .text.vTaskSuspendAll
                0x0000000008001c08       0x18 ./ThirdParty/FreeRTOS/tasks.o
                0x0000000008001c08                vTaskSuspendAll
 .text.xTaskResumeAll
                0x0000000008001c20      0x1d0 ./ThirdParty/FreeRTOS/tasks.o
                0x0000000008001c20                xTaskResumeAll
 .text.xTaskGetTickCount
                0x0000000008001df0       0x1c ./ThirdParty/FreeRTOS/tasks.o
                0x0000000008001df0                xTaskGetTickCount
 .text.xTaskIncrementTick
                0x0000000008001e0c      0x218 ./ThirdParty/FreeRTOS/tasks.o
                0x0000000008001e0c                xTaskIncrementTick
 .text.vTaskSwitchContext
                0x0000000008002024       0xa4 ./ThirdParty/FreeRTOS/tasks.o
                0x0000000008002024                vTaskSwitchContext
 .text.vTaskPlaceOnEventList
                0x00000000080020c8       0x3c ./ThirdParty/FreeRTOS/tasks.o
                0x00000000080020c8                vTaskPlaceOnEventList
 .text.vTaskPlaceOnEventListRestricted
                0x0000000008002104       0x7c ./ThirdParty/FreeRTOS/tasks.o
                0x0000000008002104                vTaskPlaceOnEventListRestricted
 .text.xTaskRemoveFromEventList
                0x0000000008002180      0x194 ./ThirdParty/FreeRTOS/tasks.o
                0x0000000008002180                xTaskRemoveFromEventList
 .text.vTaskInternalSetTimeOutState
                0x0000000008002314       0x28 ./ThirdParty/FreeRTOS/tasks.o
                0x0000000008002314                vTaskInternalSetTimeOutState
 .text.xTaskCheckForTimeOut
                0x000000000800233c       0xa8 ./ThirdParty/FreeRTOS/tasks.o
                0x000000000800233c                xTaskCheckForTimeOut
 .text.vTaskMissedYield
                0x00000000080023e4       0x14 ./ThirdParty/FreeRTOS/tasks.o
                0x00000000080023e4                vTaskMissedYield
 .text.prvIdleTask
                0x00000000080023f8       0x20 ./ThirdParty/FreeRTOS/tasks.o
 .text.prvInitialiseTaskLists
                0x0000000008002418       0x88 ./ThirdParty/FreeRTOS/tasks.o
 .text.prvCheckTasksWaitingTermination
                0x00000000080024a0       0x5c ./ThirdParty/FreeRTOS/tasks.o
 .text.prvDeleteTCB
                0x00000000080024fc       0x22 ./ThirdParty/FreeRTOS/tasks.o
 *fill*         0x000000000800251e        0x2 
 .text.prvResetNextTaskUnblockTime
                0x0000000008002520       0x34 ./ThirdParty/FreeRTOS/tasks.o
 .text.xTaskGetSchedulerState
                0x0000000008002554       0x38 ./ThirdParty/FreeRTOS/tasks.o
                0x0000000008002554                xTaskGetSchedulerState
 .text.prvAddCurrentTaskToDelayedList
                0x000000000800258c       0xdc ./ThirdParty/FreeRTOS/tasks.o
 .text.xTimerCreateTimerTask
                0x0000000008002668       0x54 ./ThirdParty/FreeRTOS/timers.o
                0x0000000008002668                xTimerCreateTimerTask
 .text.prvReloadTimer
                0x00000000080026bc       0x42 ./ThirdParty/FreeRTOS/timers.o
 *fill*         0x00000000080026fe        0x2 
 .text.prvProcessExpiredTimer
                0x0000000008002700       0x64 ./ThirdParty/FreeRTOS/timers.o
 .text.prvTimerTask
                0x0000000008002764       0x28 ./ThirdParty/FreeRTOS/timers.o
 .text.prvProcessTimerOrBlockTask
                0x000000000800278c       0x90 ./ThirdParty/FreeRTOS/timers.o
 .text.prvGetNextExpireTime
                0x000000000800281c       0x44 ./ThirdParty/FreeRTOS/timers.o
 .text.prvSampleTimeNow
                0x0000000008002860       0x40 ./ThirdParty/FreeRTOS/timers.o
 .text.prvInsertTimerInActiveList
                0x00000000080028a0       0x84 ./ThirdParty/FreeRTOS/timers.o
 .text.prvProcessReceivedCommands
                0x0000000008002924      0x15c ./ThirdParty/FreeRTOS/timers.o
 .text.prvSwitchTimerLists
                0x0000000008002a80       0x50 ./ThirdParty/FreeRTOS/timers.o
 .text.prvCheckForValidListAndQueue
                0x0000000008002ad0       0x74 ./ThirdParty/FreeRTOS/timers.o
 .text.pxPortInitialiseStack
                0x0000000008002b44       0x54 ./ThirdParty/FreeRTOS/portable/GCC/ARM_CM0/port.o
                0x0000000008002b44                pxPortInitialiseStack
 .text.prvTaskExitError
                0x0000000008002b98       0x30 ./ThirdParty/FreeRTOS/portable/GCC/ARM_CM0/port.o
 .text.SVC_Handler
                0x0000000008002bc8        0xa ./ThirdParty/FreeRTOS/portable/GCC/ARM_CM0/port.o
                0x0000000008002bc8                SVC_Handler
 *fill*         0x0000000008002bd2        0xe 
 .text.vPortStartFirstTask
                0x0000000008002be0       0x38 ./ThirdParty/FreeRTOS/portable/GCC/ARM_CM0/port.o
 .text.xPortStartScheduler
                0x0000000008002c18       0x48 ./ThirdParty/FreeRTOS/portable/GCC/ARM_CM0/port.o
                0x0000000008002c18                xPortStartScheduler
 .text.vPortYield
                0x0000000008002c60       0x20 ./ThirdParty/FreeRTOS/portable/GCC/ARM_CM0/port.o
                0x0000000008002c60                vPortYield
 .text.vPortEnterCritical
                0x0000000008002c80       0x24 ./ThirdParty/FreeRTOS/portable/GCC/ARM_CM0/port.o
                0x0000000008002c80                vPortEnterCritical
 .text.vPortExitCritical
                0x0000000008002ca4       0x30 ./ThirdParty/FreeRTOS/portable/GCC/ARM_CM0/port.o
                0x0000000008002ca4                vPortExitCritical
 .text.ulSetInterruptMaskFromISR
                0x0000000008002cd4        0xc ./ThirdParty/FreeRTOS/portable/GCC/ARM_CM0/port.o
                0x0000000008002cd4                ulSetInterruptMaskFromISR
 .text.vClearInterruptMaskFromISR
                0x0000000008002ce0        0x8 ./ThirdParty/FreeRTOS/portable/GCC/ARM_CM0/port.o
                0x0000000008002ce0                vClearInterruptMaskFromISR
 *fill*         0x0000000008002ce8        0x8 
 .text.PendSV_Handler
                0x0000000008002cf0       0x48 ./ThirdParty/FreeRTOS/portable/GCC/ARM_CM0/port.o
                0x0000000008002cf0                PendSV_Handler
 .text.SysTick_Handler
                0x0000000008002d38       0x34 ./ThirdParty/FreeRTOS/portable/GCC/ARM_CM0/port.o
                0x0000000008002d38                SysTick_Handler
 .text.vPortSetupTimerInterrupt
                0x0000000008002d6c       0x34 ./ThirdParty/FreeRTOS/portable/GCC/ARM_CM0/port.o
                0x0000000008002d6c                vPortSetupTimerInterrupt
 .text.pvPortMalloc
                0x0000000008002da0      0x150 ./ThirdParty/FreeRTOS/portable/MemMang/heap_4.o
                0x0000000008002da0                pvPortMalloc
 .text.vPortFree
                0x0000000008002ef0       0x98 ./ThirdParty/FreeRTOS/portable/MemMang/heap_4.o
                0x0000000008002ef0                vPortFree
 .text.prvHeapInit
                0x0000000008002f88       0xb4 ./ThirdParty/FreeRTOS/portable/MemMang/heap_4.o
 .text.prvInsertBlockIntoFreeList
                0x000000000800303c       0xb0 ./ThirdParty/FreeRTOS/portable/MemMang/heap_4.o
 .text.__libc_init_array
                0x00000000080030ec       0x48 c:/st/stm32cubeide_1.7.0/stm32cubeide/plugins/com.st.stm32cube.ide.mcu.externaltools.gnu-tools-for-stm32.9-2020-q2-update.win32_2.0.0.202105311346/tools/bin/../lib/gcc/arm-none-eabi/9.3.1/../../../../arm-none-eabi/lib/thumb/v6-m/nofp\libc_nano.a(lib_a-init.o)
                0x00000000080030ec                __libc_init_array
 .text.memcpy   0x0000000008003134       0x12 c:/st/stm32cubeide_1.7.0/stm32cubeide/plugins/com.st.stm32cube.ide.mcu.externaltools.gnu-tools-for-stm32.9-2020-q2-update.win32_2.0.0.202105311346/tools/bin/../lib/gcc/arm-none-eabi/9.3.1/../../../../arm-none-eabi/lib/thumb/v6-m/nofp\libc_nano.a(lib_a-memcpy-stub.o)
                0x0000000008003134                memcpy
 .text.memset   0x0000000008003146       0x10 c:/st/stm32cubeide_1.7.0/stm32cubeide/plugins/com.st.stm32cube.ide.mcu.externaltools.gnu-tools-for-stm32.9-2020-q2-update.win32_2.0.0.202105311346/tools/bin/../lib/gcc/arm-none-eabi/9.3.1/../../../../arm-none-eabi/lib/thumb/v6-m/nofp\libc_nano.a(lib_a-memset.o)
                0x0000000008003146                memset
 *(.glue_7)
 .glue_7        0x0000000008003156        0x0 linker stubs
 *(.glue_7t)
 .glue_7t       0x0000000008003156        0x0 linker stubs
 *(.eh_frame)
 *fill*         0x0000000008003156        0x2 
 .eh_frame      0x0000000008003158        0x0 c:/st/stm32cubeide_1.7.0/stm32cubeide/plugins/com.st.stm32cube.ide.mcu.externaltools.gnu-tools-for-stm32.9-2020-q2-update.win32_2.0.0.202105311346/tools/bin/../lib/gcc/arm-none-eabi/9.3.1/thumb/v6-m/nofp/crtbegin.o
 *(.init)
 .init          0x0000000008003158        0x4 c:/st/stm32cubeide_1.7.0/stm32cubeide/plugins/com.st.stm32cube.ide.mcu.externaltools.gnu-tools-for-stm32.9-2020-q2-update.win32_2.0.0.202105311346/tools/bin/../lib/gcc/arm-none-eabi/9.3.1/thumb/v6-m/nofp/crti.o
                0x0000000008003158                _init
 .init          0x000000000800315c        0x8 c:/st/stm32cubeide_1.7.0/stm32cubeide/plugins/com.st.stm32cube.ide.mcu.externaltools.gnu-tools-for-stm32.9-2020-q2-update.win32_2.0.0.202105311346/tools/bin/../lib/gcc/arm-none-eabi/9.3.1/thumb/v6-m/nofp/crtn.o
 *(.fini)
 .fini          0x0000000008003164        0x4 c:/st/stm32cubeide_1.7.0/stm32cubeide/plugins/com.st.stm32cube.ide.mcu.externaltools.gnu-tools-for-stm32.9-2020-q2-update.win32_2.0.0.202105311346/tools/bin/../lib/gcc/arm-none-eabi/9.3.1/thumb/v6-m/nofp/crti.o
                0x0000000008003164                _fini
 .fini          0x0000000008003168        0x8 c:/st/stm32cubeide_1.7.0/stm32cubeide/plugins/com.st.stm32cube.ide.mcu.externaltools.gnu-tools-for-stm32.9-2020-q2-update.win32_2.0.0.202105311346/tools/bin/../lib/gcc/arm-none-eabi/9.3.1/thumb/v6-m/nofp/crtn.o
                0x0000000008003170                . = ALIGN (0x4)
                0x0000000008003170                _etext = .

.vfp11_veneer   0x0000000008003170        0x0
 .vfp11_veneer  0x0000000008003170        0x0 linker stubs

.v4_bx          0x0000000008003170        0x0
 .v4_bx         0x0000000008003170        0x0 linker stubs

.iplt           0x0000000008003170        0x0
 .iplt          0x0000000008003170        0x0 c:/st/stm32cubeide_1.7.0/stm32cubeide/plugins/com.st.stm32cube.ide.mcu.externaltools.gnu-tools-for-stm32.9-2020-q2-update.win32_2.0.0.202105311346/tools/bin/../lib/gcc/arm-none-eabi/9.3.1/thumb/v6-m/nofp/crtbegin.o

.rodata         0x0000000008003170       0x7c
                0x0000000008003170                . = ALIGN (0x4)
 *(.rodata)
 .rodata        0x0000000008003170        0xa ./Core/Src/main.o
 *fill*         0x000000000800317a        0x2 
 .rodata        0x000000000800317c        0x5 ./ThirdParty/FreeRTOS/tasks.o
 *fill*         0x0000000008003181        0x3 
 .rodata        0x0000000008003184        0xd ./ThirdParty/FreeRTOS/timers.o
 *(.rodata*)
 *fill*         0x0000000008003191        0x3 
 .rodata.AHBPrescTable
                0x0000000008003194       0x10 ./Core/Src/system_stm32f0xx.o
                0x0000000008003194                AHBPrescTable
 .rodata.aPLLMULFactorTable.5513
                0x00000000080031a4       0x10 ./Drivers/STM32F0xx_HAL_Driver/Src/stm32f0xx_hal_rcc.o
 .rodata.aPredivFactorTable.5514
                0x00000000080031b4       0x10 ./Drivers/STM32F0xx_HAL_Driver/Src/stm32f0xx_hal_rcc.o
 .rodata.prvProcessReceivedCommands
                0x00000000080031c4       0x28 ./ThirdParty/FreeRTOS/timers.o
                0x00000000080031ec                . = ALIGN (0x4)

.rel.dyn        0x00000000080031ec        0x0
 .rel.iplt      0x00000000080031ec        0x0 c:/st/stm32cubeide_1.7.0/stm32cubeide/plugins/com.st.stm32cube.ide.mcu.externaltools.gnu-tools-for-stm32.9-2020-q2-update.win32_2.0.0.202105311346/tools/bin/../lib/gcc/arm-none-eabi/9.3.1/thumb/v6-m/nofp/crtbegin.o

.ARM.extab      0x00000000080031ec        0x0
                0x00000000080031ec                . = ALIGN (0x4)
 *(.ARM.extab* .gnu.linkonce.armextab.*)
                0x00000000080031ec                . = ALIGN (0x4)

.ARM            0x00000000080031ec        0x0
                0x00000000080031ec                . = ALIGN (0x4)
                0x00000000080031ec                __exidx_start = .
 *(.ARM.exidx*)
                0x00000000080031ec                __exidx_end = .
                0x00000000080031ec                . = ALIGN (0x4)

.preinit_array  0x00000000080031ec        0x0
                0x00000000080031ec                . = ALIGN (0x4)
                0x00000000080031ec                PROVIDE (__preinit_array_start = .)
 *(.preinit_array*)
                0x00000000080031ec                PROVIDE (__preinit_array_end = .)
                0x00000000080031ec                . = ALIGN (0x4)

.init_array     0x00000000080031ec        0x4
                0x00000000080031ec                . = ALIGN (0x4)
                0x00000000080031ec                PROVIDE (__init_array_start = .)
 *(SORT_BY_NAME(.init_array.*))
 *(.init_array*)
 .init_array    0x00000000080031ec        0x4 c:/st/stm32cubeide_1.7.0/stm32cubeide/plugins/com.st.stm32cube.ide.mcu.externaltools.gnu-tools-for-stm32.9-2020-q2-update.win32_2.0.0.202105311346/tools/bin/../lib/gcc/arm-none-eabi/9.3.1/thumb/v6-m/nofp/crtbegin.o
                0x00000000080031f0                PROVIDE (__init_array_end = .)
                0x00000000080031f0                . = ALIGN (0x4)

.fini_array     0x00000000080031f0        0x4
                0x00000000080031f0                . = ALIGN (0x4)
                [!provide]                        PROVIDE (__fini_array_start = .)
 *(SORT_BY_NAME(.fini_array.*))
 *(.fini_array*)
 .fini_array    0x00000000080031f0        0x4 c:/st/stm32cubeide_1.7.0/stm32cubeide/plugins/com.st.stm32cube.ide.mcu.externaltools.gnu-tools-for-stm32.9-2020-q2-update.win32_2.0.0.202105311346/tools/bin/../lib/gcc/arm-none-eabi/9.3.1/thumb/v6-m/nofp/crtbegin.o
                [!provide]                        PROVIDE (__fini_array_end = .)
                0x00000000080031f4                . = ALIGN (0x4)
                0x00000000080031f4                _sidata = LOADADDR (.data)

.data           0x0000000020000000       0x14 load address 0x00000000080031f4
                0x0000000020000000                . = ALIGN (0x4)
                0x0000000020000000                _sdata = .
 *(.data)
 *(.data*)
 .data.SystemCoreClock
                0x0000000020000000        0x4 ./Core/Src/system_stm32f0xx.o
                0x0000000020000000                SystemCoreClock
 .data.uwTickPrio
                0x0000000020000004        0x4 ./Drivers/STM32F0xx_HAL_Driver/Src/stm32f0xx_hal.o
                0x0000000020000004                uwTickPrio
 .data.uwTickFreq
                0x0000000020000008        0x1 ./Drivers/STM32F0xx_HAL_Driver/Src/stm32f0xx_hal.o
                0x0000000020000008                uwTickFreq
 *fill*         0x0000000020000009        0x3 
 .data.uxTopUsedPriority
                0x000000002000000c        0x4 ./ThirdParty/FreeRTOS/tasks.o
                0x000000002000000c                uxTopUsedPriority
 .data.uxCriticalNesting
                0x0000000020000010        0x4 ./ThirdParty/FreeRTOS/portable/GCC/ARM_CM0/port.o
 *(.RamFunc)
 *(.RamFunc*)
                0x0000000020000014                . = ALIGN (0x4)
                0x0000000020000014                _edata = .

.igot.plt       0x0000000020000014        0x0 load address 0x0000000008003208
 .igot.plt      0x0000000020000014        0x0 c:/st/stm32cubeide_1.7.0/stm32cubeide/plugins/com.st.stm32cube.ide.mcu.externaltools.gnu-tools-for-stm32.9-2020-q2-update.win32_2.0.0.202105311346/tools/bin/../lib/gcc/arm-none-eabi/9.3.1/thumb/v6-m/nofp/crtbegin.o
                0x0000000020000014                . = ALIGN (0x4)

.bss            0x0000000020000014     0x1b20 load address 0x0000000008003208
                0x0000000020000014                _sbss = .
                0x0000000020000014                __bss_start__ = _sbss
 *(.bss)
 .bss           0x0000000020000014       0x1c c:/st/stm32cubeide_1.7.0/stm32cubeide/plugins/com.st.stm32cube.ide.mcu.externaltools.gnu-tools-for-stm32.9-2020-q2-update.win32_2.0.0.202105311346/tools/bin/../lib/gcc/arm-none-eabi/9.3.1/thumb/v6-m/nofp/crtbegin.o
 *(.bss*)
 .bss.pxCurrentTCB
                0x0000000020000030        0x4 ./ThirdParty/FreeRTOS/tasks.o
                0x0000000020000030                pxCurrentTCB
 .bss.pxReadyTasksLists
                0x0000000020000034       0x64 ./ThirdParty/FreeRTOS/tasks.o
 .bss.xDelayedTaskList1
                0x0000000020000098       0x14 ./ThirdParty/FreeRTOS/tasks.o
 .bss.xDelayedTaskList2
                0x00000000200000ac       0x14 ./ThirdParty/FreeRTOS/tasks.o
 .bss.pxDelayedTaskList
                0x00000000200000c0        0x4 ./ThirdParty/FreeRTOS/tasks.o
 .bss.pxOverflowDelayedTaskList
                0x00000000200000c4        0x4 ./ThirdParty/FreeRTOS/tasks.o
 .bss.xPendingReadyList
                0x00000000200000c8       0x14 ./ThirdParty/FreeRTOS/tasks.o
 .bss.xTasksWaitingTermination
                0x00000000200000dc       0x14 ./ThirdParty/FreeRTOS/tasks.o
 .bss.uxDeletedTasksWaitingCleanUp
                0x00000000200000f0        0x4 ./ThirdParty/FreeRTOS/tasks.o
 .bss.xSuspendedTaskList
                0x00000000200000f4       0x14 ./ThirdParty/FreeRTOS/tasks.o
 .bss.uxCurrentNumberOfTasks
                0x0000000020000108        0x4 ./ThirdParty/FreeRTOS/tasks.o
 .bss.xTickCount
                0x000000002000010c        0x4 ./ThirdParty/FreeRTOS/tasks.o
 .bss.uxTopReadyPriority
                0x0000000020000110        0x4 ./ThirdParty/FreeRTOS/tasks.o
 .bss.xSchedulerRunning
                0x0000000020000114        0x4 ./ThirdParty/FreeRTOS/tasks.o
 .bss.xPendedTicks
                0x0000000020000118        0x4 ./ThirdParty/FreeRTOS/tasks.o
 .bss.xYieldPending
                0x000000002000011c        0x4 ./ThirdParty/FreeRTOS/tasks.o
 .bss.xNumOfOverflows
                0x0000000020000120        0x4 ./ThirdParty/FreeRTOS/tasks.o
 .bss.uxTaskNumber
                0x0000000020000124        0x4 ./ThirdParty/FreeRTOS/tasks.o
 .bss.xNextTaskUnblockTime
                0x0000000020000128        0x4 ./ThirdParty/FreeRTOS/tasks.o
 .bss.xIdleTaskHandle
                0x000000002000012c        0x4 ./ThirdParty/FreeRTOS/tasks.o
 .bss.uxSchedulerSuspended
                0x0000000020000130        0x4 ./ThirdParty/FreeRTOS/tasks.o
 .bss.xActiveTimerList1
                0x0000000020000134       0x14 ./ThirdParty/FreeRTOS/timers.o
 .bss.xActiveTimerList2
                0x0000000020000148       0x14 ./ThirdParty/FreeRTOS/timers.o
 .bss.pxCurrentTimerList
                0x000000002000015c        0x4 ./ThirdParty/FreeRTOS/timers.o
 .bss.pxOverflowTimerList
                0x0000000020000160        0x4 ./ThirdParty/FreeRTOS/timers.o
 .bss.xTimerQueue
                0x0000000020000164        0x4 ./ThirdParty/FreeRTOS/timers.o
 .bss.xTimerTaskHandle
                0x0000000020000168        0x4 ./ThirdParty/FreeRTOS/timers.o
 .bss.xLastTime.5531
                0x000000002000016c        0x4 ./ThirdParty/FreeRTOS/timers.o
 .bss.ucHeap    0x0000000020000170     0x1964 ./ThirdParty/FreeRTOS/portable/MemMang/heap_4.o
 .bss.xStart    0x0000000020001ad4        0x8 ./ThirdParty/FreeRTOS/portable/MemMang/heap_4.o
 .bss.pxEnd     0x0000000020001adc        0x4 ./ThirdParty/FreeRTOS/portable/MemMang/heap_4.o
 .bss.xFreeBytesRemaining
                0x0000000020001ae0        0x4 ./ThirdParty/FreeRTOS/portable/MemMang/heap_4.o
 .bss.xMinimumEverFreeBytesRemaining
                0x0000000020001ae4        0x4 ./ThirdParty/FreeRTOS/portable/MemMang/heap_4.o
 .bss.xNumberOfSuccessfulAllocations
                0x0000000020001ae8        0x4 ./ThirdParty/FreeRTOS/portable/MemMang/heap_4.o
 .bss.xNumberOfSuccessfulFrees
                0x0000000020001aec        0x4 ./ThirdParty/FreeRTOS/portable/MemMang/heap_4.o
 *(COMMON)
 COMMON         0x0000000020001af0        0x4 ./Drivers/STM32F0xx_HAL_Driver/Src/stm32f0xx_hal.o
                0x0000000020001af0                uwTick
 COMMON         0x0000000020001af4       0x40 ./ThirdParty/FreeRTOS/queue.o
                0x0000000020001af4                xQueueRegistry
                0x0000000020001b34                . = ALIGN (0x4)
                0x0000000020001b34                _ebss = .
                0x0000000020001b34                __bss_end__ = _ebss

._user_heap_stack
                0x0000000020001b34      0x604 load address 0x0000000008003208
                0x0000000020001b38                . = ALIGN (0x8)
 *fill*         0x0000000020001b34        0x4 
                [!provide]                        PROVIDE (end = .)
                [!provide]                        PROVIDE (_end = .)
                0x0000000020001d38                . = (. + _Min_Heap_Size)
 *fill*         0x0000000020001b38      0x200 
                0x0000000020002138                . = (. + _Min_Stack_Size)
 *fill*         0x0000000020001d38      0x400 
                0x0000000020002138                . = ALIGN (0x8)

/DISCARD/
 libc.a(*)
 libm.a(*)
 libgcc.a(*)

.ARM.attributes
                0x0000000000000000       0x28
 *(.ARM.attributes)
 .ARM.attributes
                0x0000000000000000       0x1e c:/st/stm32cubeide_1.7.0/stm32cubeide/plugins/com.st.stm32cube.ide.mcu.externaltools.gnu-tools-for-stm32.9-2020-q2-update.win32_2.0.0.202105311346/tools/bin/../lib/gcc/arm-none-eabi/9.3.1/thumb/v6-m/nofp/crti.o
 .ARM.attributes
                0x000000000000001e       0x2c c:/st/stm32cubeide_1.7.0/stm32cubeide/plugins/com.st.stm32cube.ide.mcu.externaltools.gnu-tools-for-stm32.9-2020-q2-update.win32_2.0.0.202105311346/tools/bin/../lib/gcc/arm-none-eabi/9.3.1/thumb/v6-m/nofp/crtbegin.o
 .ARM.attributes
                0x000000000000004a       0x2c ./Core/Src/main.o
 .ARM.attributes
                0x0000000000000076       0x2c ./Core/Src/stm32f0xx_hal_msp.o
 .ARM.attributes
                0x00000000000000a2       0x2c ./Core/Src/stm32f0xx_it.o
 .ARM.attributes
                0x00000000000000ce       0x2c ./Core/Src/system_stm32f0xx.o
 .ARM.attributes
                0x00000000000000fa       0x21 ./Core/Startup/startup_stm32f051r8tx.o
 .ARM.attributes
                0x000000000000011b       0x2c ./Drivers/STM32F0xx_HAL_Driver/Src/stm32f0xx_hal.o
 .ARM.attributes
                0x0000000000000147       0x2c ./Drivers/STM32F0xx_HAL_Driver/Src/stm32f0xx_hal_cortex.o
 .ARM.attributes
                0x0000000000000173       0x2c ./Drivers/STM32F0xx_HAL_Driver/Src/stm32f0xx_hal_gpio.o
 .ARM.attributes
                0x000000000000019f       0x2c ./Drivers/STM32F0xx_HAL_Driver/Src/stm32f0xx_hal_rcc.o
 .ARM.attributes
                0x00000000000001cb       0x2c ./ThirdParty/FreeRTOS/list.o
 .ARM.attributes
                0x00000000000001f7       0x2c ./ThirdParty/FreeRTOS/queue.o
 .ARM.attributes
                0x0000000000000223       0x2c ./ThirdParty/FreeRTOS/tasks.o
 .ARM.attributes
                0x000000000000024f       0x2c ./ThirdParty/FreeRTOS/timers.o
 .ARM.attributes
                0x000000000000027b       0x2c ./ThirdParty/FreeRTOS/portable/GCC/ARM_CM0/port.o
 .ARM.attributes
                0x00000000000002a7       0x2c ./ThirdParty/FreeRTOS/portable/MemMang/heap_4.o
 .ARM.attributes
                0x00000000000002d3       0x2c c:/st/stm32cubeide_1.7.0/stm32cubeide/plugins/com.st.stm32cube.ide.mcu.externaltools.gnu-tools-for-stm32.9-2020-q2-update.win32_2.0.0.202105311346/tools/bin/../lib/gcc/arm-none-eabi/9.3.1/../../../../arm-none-eabi/lib/thumb/v6-m/nofp\libc_nano.a(lib_a-init.o)
 .ARM.attributes
                0x00000000000002ff       0x2c c:/st/stm32cubeide_1.7.0/stm32cubeide/plugins/com.st.stm32cube.ide.mcu.externaltools.gnu-tools-for-stm32.9-2020-q2-update.win32_2.0.0.202105311346/tools/bin/../lib/gcc/arm-none-eabi/9.3.1/../../../../arm-none-eabi/lib/thumb/v6-m/nofp\libc_nano.a(lib_a-memcpy-stub.o)
 .ARM.attributes
                0x000000000000032b       0x2c c:/st/stm32cubeide_1.7.0/stm32cubeide/plugins/com.st.stm32cube.ide.mcu.externaltools.gnu-tools-for-stm32.9-2020-q2-update.win32_2.0.0.202105311346/tools/bin/../lib/gcc/arm-none-eabi/9.3.1/../../../../arm-none-eabi/lib/thumb/v6-m/nofp\libc_nano.a(lib_a-memset.o)
 .ARM.attributes
                0x0000000000000357       0x1e c:/st/stm32cubeide_1.7.0/stm32cubeide/plugins/com.st.stm32cube.ide.mcu.externaltools.gnu-tools-for-stm32.9-2020-q2-update.win32_2.0.0.202105311346/tools/bin/../lib/gcc/arm-none-eabi/9.3.1/thumb/v6-m/nofp\libgcc.a(_udivsi3.o)
 .ARM.attributes
                0x0000000000000375       0x1e c:/st/stm32cubeide_1.7.0/stm32cubeide/plugins/com.st.stm32cube.ide.mcu.externaltools.gnu-tools-for-stm32.9-2020-q2-update.win32_2.0.0.202105311346/tools/bin/../lib/gcc/arm-none-eabi/9.3.1/thumb/v6-m/nofp\libgcc.a(_dvmd_tls.o)
 .ARM.attributes
                0x0000000000000393       0x1e c:/st/stm32cubeide_1.7.0/stm32cubeide/plugins/com.st.stm32cube.ide.mcu.externaltools.gnu-tools-for-stm32.9-2020-q2-update.win32_2.0.0.202105311346/tools/bin/../lib/gcc/arm-none-eabi/9.3.1/thumb/v6-m/nofp/crtn.o
OUTPUT(07_2_RTOS_stm32f0Discovery.elf elf32-littlearm)
LOAD linker stubs
LOAD c:/st/stm32cubeide_1.7.0/stm32cubeide/plugins/com.st.stm32cube.ide.mcu.externaltools.gnu-tools-for-stm32.9-2020-q2-update.win32_2.0.0.202105311346/tools/bin/../lib/gcc/arm-none-eabi/9.3.1/../../../../arm-none-eabi/lib/thumb/v6-m/nofp\libc.a
LOAD c:/st/stm32cubeide_1.7.0/stm32cubeide/plugins/com.st.stm32cube.ide.mcu.externaltools.gnu-tools-for-stm32.9-2020-q2-update.win32_2.0.0.202105311346/tools/bin/../lib/gcc/arm-none-eabi/9.3.1/../../../../arm-none-eabi/lib/thumb/v6-m/nofp\libm.a
LOAD c:/st/stm32cubeide_1.7.0/stm32cubeide/plugins/com.st.stm32cube.ide.mcu.externaltools.gnu-tools-for-stm32.9-2020-q2-update.win32_2.0.0.202105311346/tools/bin/../lib/gcc/arm-none-eabi/9.3.1/thumb/v6-m/nofp\libgcc.a

.debug_info     0x0000000000000000     0xa2c7
 .debug_info    0x0000000000000000      0xea6 ./Core/Src/main.o
 .debug_info    0x0000000000000ea6      0x27d ./Core/Src/stm32f0xx_hal_msp.o
 .debug_info    0x0000000000001123      0x17d ./Core/Src/stm32f0xx_it.o
 .debug_info    0x00000000000012a0      0x2c3 ./Core/Src/system_stm32f0xx.o
 .debug_info    0x0000000000001563       0x22 ./Core/Startup/startup_stm32f051r8tx.o
 .debug_info    0x0000000000001585      0x6ff ./Drivers/STM32F0xx_HAL_Driver/Src/stm32f0xx_hal.o
 .debug_info    0x0000000000001c84      0x7d6 ./Drivers/STM32F0xx_HAL_Driver/Src/stm32f0xx_hal_cortex.o
 .debug_info    0x000000000000245a      0x6e5 ./Drivers/STM32F0xx_HAL_Driver/Src/stm32f0xx_hal_gpio.o
 .debug_info    0x0000000000002b3f      0x8a8 ./Drivers/STM32F0xx_HAL_Driver/Src/stm32f0xx_hal_rcc.o
 .debug_info    0x00000000000033e7      0xb76 ./ThirdParty/FreeRTOS/list.o
 .debug_info    0x0000000000003f5d     0x1a2e ./ThirdParty/FreeRTOS/queue.o
 .debug_info    0x000000000000598b     0x25e7 ./ThirdParty/FreeRTOS/tasks.o
 .debug_info    0x0000000000007f72     0x13b7 ./ThirdParty/FreeRTOS/timers.o
 .debug_info    0x0000000000009329      0x27e ./ThirdParty/FreeRTOS/portable/GCC/ARM_CM0/port.o
 .debug_info    0x00000000000095a7      0xd20 ./ThirdParty/FreeRTOS/portable/MemMang/heap_4.o

.debug_abbrev   0x0000000000000000     0x1d90
 .debug_abbrev  0x0000000000000000      0x28e ./Core/Src/main.o
 .debug_abbrev  0x000000000000028e      0x11d ./Core/Src/stm32f0xx_hal_msp.o
 .debug_abbrev  0x00000000000003ab       0xb8 ./Core/Src/stm32f0xx_it.o
 .debug_abbrev  0x0000000000000463      0x145 ./Core/Src/system_stm32f0xx.o
 .debug_abbrev  0x00000000000005a8       0x12 ./Core/Startup/startup_stm32f051r8tx.o
 .debug_abbrev  0x00000000000005ba      0x21e ./Drivers/STM32F0xx_HAL_Driver/Src/stm32f0xx_hal.o
 .debug_abbrev  0x00000000000007d8      0x2a9 ./Drivers/STM32F0xx_HAL_Driver/Src/stm32f0xx_hal_cortex.o
 .debug_abbrev  0x0000000000000a81      0x1e8 ./Drivers/STM32F0xx_HAL_Driver/Src/stm32f0xx_hal_gpio.o
 .debug_abbrev  0x0000000000000c69      0x23b ./Drivers/STM32F0xx_HAL_Driver/Src/stm32f0xx_hal_rcc.o
 .debug_abbrev  0x0000000000000ea4      0x1f7 ./ThirdParty/FreeRTOS/list.o
 .debug_abbrev  0x000000000000109b      0x2c2 ./ThirdParty/FreeRTOS/queue.o
 .debug_abbrev  0x000000000000135d      0x341 ./ThirdParty/FreeRTOS/tasks.o
 .debug_abbrev  0x000000000000169e      0x2ca ./ThirdParty/FreeRTOS/timers.o
 .debug_abbrev  0x0000000000001968      0x199 ./ThirdParty/FreeRTOS/portable/GCC/ARM_CM0/port.o
 .debug_abbrev  0x0000000000001b01      0x28f ./ThirdParty/FreeRTOS/portable/MemMang/heap_4.o

.debug_aranges  0x0000000000000000      0x878
 .debug_aranges
                0x0000000000000000       0x40 ./Core/Src/main.o
 .debug_aranges
                0x0000000000000040       0x20 ./Core/Src/stm32f0xx_hal_msp.o
 .debug_aranges
                0x0000000000000060       0x28 ./Core/Src/stm32f0xx_it.o
 .debug_aranges
                0x0000000000000088       0x28 ./Core/Src/system_stm32f0xx.o
 .debug_aranges
                0x00000000000000b0       0x28 ./Core/Startup/startup_stm32f051r8tx.o
 .debug_aranges
                0x00000000000000d8       0xd0 ./Drivers/STM32F0xx_HAL_Driver/Src/stm32f0xx_hal.o
 .debug_aranges
                0x00000000000001a8       0xc0 ./Drivers/STM32F0xx_HAL_Driver/Src/stm32f0xx_hal_cortex.o
 .debug_aranges
                0x0000000000000268       0x58 ./Drivers/STM32F0xx_HAL_Driver/Src/stm32f0xx_hal_gpio.o
 .debug_aranges
                0x00000000000002c0       0x80 ./Drivers/STM32F0xx_HAL_Driver/Src/stm32f0xx_hal_rcc.o
 .debug_aranges
                0x0000000000000340       0x40 ./ThirdParty/FreeRTOS/list.o
 .debug_aranges
                0x0000000000000380      0x130 ./ThirdParty/FreeRTOS/queue.o
 .debug_aranges
                0x00000000000004b0      0x1f8 ./ThirdParty/FreeRTOS/tasks.o
 .debug_aranges
                0x00000000000006a8       0xe8 ./ThirdParty/FreeRTOS/timers.o
 .debug_aranges
                0x0000000000000790       0x88 ./ThirdParty/FreeRTOS/portable/GCC/ARM_CM0/port.o
 .debug_aranges
                0x0000000000000818       0x60 ./ThirdParty/FreeRTOS/portable/MemMang/heap_4.o

.debug_ranges   0x0000000000000000      0x790
 .debug_ranges  0x0000000000000000       0x30 ./Core/Src/main.o
 .debug_ranges  0x0000000000000030       0x10 ./Core/Src/stm32f0xx_hal_msp.o
 .debug_ranges  0x0000000000000040       0x18 ./Core/Src/stm32f0xx_it.o
 .debug_ranges  0x0000000000000058       0x18 ./Core/Src/system_stm32f0xx.o
 .debug_ranges  0x0000000000000070       0x20 ./Core/Startup/startup_stm32f051r8tx.o
 .debug_ranges  0x0000000000000090       0xc0 ./Drivers/STM32F0xx_HAL_Driver/Src/stm32f0xx_hal.o
 .debug_ranges  0x0000000000000150       0xb0 ./Drivers/STM32F0xx_HAL_Driver/Src/stm32f0xx_hal_cortex.o
 .debug_ranges  0x0000000000000200       0x48 ./Drivers/STM32F0xx_HAL_Driver/Src/stm32f0xx_hal_gpio.o
 .debug_ranges  0x0000000000000248       0x70 ./Drivers/STM32F0xx_HAL_Driver/Src/stm32f0xx_hal_rcc.o
 .debug_ranges  0x00000000000002b8       0x30 ./ThirdParty/FreeRTOS/list.o
 .debug_ranges  0x00000000000002e8      0x120 ./ThirdParty/FreeRTOS/queue.o
 .debug_ranges  0x0000000000000408      0x1e8 ./ThirdParty/FreeRTOS/tasks.o
 .debug_ranges  0x00000000000005f0       0xd8 ./ThirdParty/FreeRTOS/timers.o
 .debug_ranges  0x00000000000006c8       0x78 ./ThirdParty/FreeRTOS/portable/GCC/ARM_CM0/port.o
 .debug_ranges  0x0000000000000740       0x50 ./ThirdParty/FreeRTOS/portable/MemMang/heap_4.o

.debug_macro    0x0000000000000000    0x12447
 .debug_macro   0x0000000000000000      0x375 ./Core/Src/main.o
 .debug_macro   0x0000000000000375      0xa7e ./Core/Src/main.o
 .debug_macro   0x0000000000000df3      0x127 ./Core/Src/main.o
 .debug_macro   0x0000000000000f1a       0x2e ./Core/Src/main.o
 .debug_macro   0x0000000000000f48       0x22 ./Core/Src/main.o
 .debug_macro   0x0000000000000f6a       0x22 ./Core/Src/main.o
 .debug_macro   0x0000000000000f8c       0x8e ./Core/Src/main.o
 .debug_macro   0x000000000000101a       0x51 ./Core/Src/main.o
 .debug_macro   0x000000000000106b      0x103 ./Core/Src/main.o
 .debug_macro   0x000000000000116e       0x6a ./Core/Src/main.o
 .debug_macro   0x00000000000011d8      0x1df ./Core/Src/main.o
 .debug_macro   0x00000000000013b7       0x1c ./Core/Src/main.o
 .debug_macro   0x00000000000013d3       0x22 ./Core/Src/main.o
 .debug_macro   0x00000000000013f5       0xb5 ./Core/Src/main.o
 .debug_macro   0x00000000000014aa      0x391 ./Core/Src/main.o
 .debug_macro   0x000000000000183b     0x8d00 ./Core/Src/main.o
 .debug_macro   0x000000000000a53b       0x66 ./Core/Src/main.o
 .debug_macro   0x000000000000a5a1     0x34be ./Core/Src/main.o
 .debug_macro   0x000000000000da5f      0x174 ./Core/Src/main.o
 .debug_macro   0x000000000000dbd3       0x55 ./Core/Src/main.o
 .debug_macro   0x000000000000dc28      0x924 ./Core/Src/main.o
 .debug_macro   0x000000000000e54c      0x251 ./Core/Src/main.o
 .debug_macro   0x000000000000e79d      0x1ae ./Core/Src/main.o
 .debug_macro   0x000000000000e94b      0x114 ./Core/Src/main.o
 .debug_macro   0x000000000000ea5f      0x1a0 ./Core/Src/main.o
 .debug_macro   0x000000000000ebff      0x1ed ./Core/Src/main.o
 .debug_macro   0x000000000000edec       0x34 ./Core/Src/main.o
 .debug_macro   0x000000000000ee20       0x43 ./Core/Src/main.o
 .debug_macro   0x000000000000ee63       0x28 ./Core/Src/main.o
 .debug_macro   0x000000000000ee8b       0xb0 ./Core/Src/main.o
 .debug_macro   0x000000000000ef3b      0x199 ./Core/Src/main.o
 .debug_macro   0x000000000000f0d4      0x22c ./Core/Src/main.o
 .debug_macro   0x000000000000f300       0x61 ./Core/Src/main.o
 .debug_macro   0x000000000000f361       0xa5 ./Core/Src/main.o
 .debug_macro   0x000000000000f406       0x4c ./Core/Src/main.o
 .debug_macro   0x000000000000f452      0x112 ./Core/Src/main.o
 .debug_macro   0x000000000000f564      0x114 ./Core/Src/main.o
 .debug_macro   0x000000000000f678       0x40 ./Core/Src/main.o
 .debug_macro   0x000000000000f6b8       0xdc ./Core/Src/main.o
 .debug_macro   0x000000000000f794      0x15a ./Core/Src/main.o
 .debug_macro   0x000000000000f8ee       0xb8 ./Core/Src/main.o
 .debug_macro   0x000000000000f9a6       0x28 ./Core/Src/main.o
 .debug_macro   0x000000000000f9ce       0x1f ./Core/Src/main.o
 .debug_macro   0x000000000000f9ed       0x12 ./Core/Src/main.o
 .debug_macro   0x000000000000f9ff      0x53b ./Core/Src/main.o
 .debug_macro   0x000000000000ff3a       0xc3 ./Core/Src/main.o
 .debug_macro   0x000000000000fffd      0x120 ./Core/Src/main.o
 .debug_macro   0x000000000001011d       0x52 ./Core/Src/main.o
 .debug_macro   0x000000000001016f       0x18 ./Core/Src/main.o
 .debug_macro   0x0000000000010187       0x3c ./Core/Src/main.o
 .debug_macro   0x00000000000101c3       0x34 ./Core/Src/main.o
 .debug_macro   0x00000000000101f7       0x16 ./Core/Src/main.o
 .debug_macro   0x000000000001020d       0x35 ./Core/Src/main.o
 .debug_macro   0x0000000000010242      0x333 ./Core/Src/main.o
 .debug_macro   0x0000000000010575       0x10 ./Core/Src/main.o
 .debug_macro   0x0000000000010585       0x16 ./Core/Src/main.o
 .debug_macro   0x000000000001059b       0x43 ./Core/Src/main.o
 .debug_macro   0x00000000000105de       0x34 ./Core/Src/main.o
 .debug_macro   0x0000000000010612       0x10 ./Core/Src/main.o
 .debug_macro   0x0000000000010622       0x58 ./Core/Src/main.o
 .debug_macro   0x000000000001067a       0x71 ./Core/Src/main.o
 .debug_macro   0x00000000000106eb       0x1c ./Core/Src/main.o
 .debug_macro   0x0000000000010707      0x12a ./Core/Src/main.o
 .debug_macro   0x0000000000010831       0x10 ./Core/Src/main.o
 .debug_macro   0x0000000000010841       0x1c ./Core/Src/main.o
 .debug_macro   0x000000000001085d       0x52 ./Core/Src/main.o
 .debug_macro   0x00000000000108af       0x22 ./Core/Src/main.o
 .debug_macro   0x00000000000108d1       0x10 ./Core/Src/main.o
 .debug_macro   0x00000000000108e1       0x40 ./Core/Src/main.o
 .debug_macro   0x0000000000010921       0xd5 ./Core/Src/main.o
 .debug_macro   0x00000000000109f6       0x1c ./Core/Src/main.o
 .debug_macro   0x0000000000010a12       0x3d ./Core/Src/main.o
 .debug_macro   0x0000000000010a4f       0x16 ./Core/Src/main.o
 .debug_macro   0x0000000000010a65      0x145 ./Core/Src/main.o
 .debug_macro   0x0000000000010baa      0x1a9 ./Core/Src/stm32f0xx_hal_msp.o
 .debug_macro   0x0000000000010d53      0x1b3 ./Core/Src/stm32f0xx_it.o
 .debug_macro   0x0000000000010f06      0x19a ./Core/Src/system_stm32f0xx.o
 .debug_macro   0x00000000000110a0      0x1be ./Drivers/STM32F0xx_HAL_Driver/Src/stm32f0xx_hal.o
 .debug_macro   0x000000000001125e      0x19a ./Drivers/STM32F0xx_HAL_Driver/Src/stm32f0xx_hal_cortex.o
 .debug_macro   0x00000000000113f8      0x1a1 ./Drivers/STM32F0xx_HAL_Driver/Src/stm32f0xx_hal_gpio.o
 .debug_macro   0x0000000000011599      0x1ac ./Drivers/STM32F0xx_HAL_Driver/Src/stm32f0xx_hal_rcc.o
 .debug_macro   0x0000000000011745      0x198 ./ThirdParty/FreeRTOS/list.o
 .debug_macro   0x00000000000118dd      0x22f ./ThirdParty/FreeRTOS/queue.o
 .debug_macro   0x0000000000011b0c       0x16 ./ThirdParty/FreeRTOS/queue.o
 .debug_macro   0x0000000000011b22       0x20 ./ThirdParty/FreeRTOS/queue.o
 .debug_macro   0x0000000000011b42       0x80 ./ThirdParty/FreeRTOS/queue.o
 .debug_macro   0x0000000000011bc2      0x284 ./ThirdParty/FreeRTOS/tasks.o
 .debug_macro   0x0000000000011e46       0x17 ./ThirdParty/FreeRTOS/tasks.o
 .debug_macro   0x0000000000011e5d      0x1e7 ./ThirdParty/FreeRTOS/timers.o
 .debug_macro   0x0000000000012044       0x97 ./ThirdParty/FreeRTOS/timers.o
 .debug_macro   0x00000000000120db      0x153 ./ThirdParty/FreeRTOS/portable/GCC/ARM_CM0/port.o
 .debug_macro   0x000000000001222e      0x219 ./ThirdParty/FreeRTOS/portable/MemMang/heap_4.o

.debug_line     0x0000000000000000     0x9e0b
 .debug_line    0x0000000000000000      0xad3 ./Core/Src/main.o
 .debug_line    0x0000000000000ad3      0x67f ./Core/Src/stm32f0xx_hal_msp.o
 .debug_line    0x0000000000001152      0x6a5 ./Core/Src/stm32f0xx_it.o
 .debug_line    0x00000000000017f7      0x6ee ./Core/Src/system_stm32f0xx.o
 .debug_line    0x0000000000001ee5       0x89 ./Core/Startup/startup_stm32f051r8tx.o
 .debug_line    0x0000000000001f6e      0x8f9 ./Drivers/STM32F0xx_HAL_Driver/Src/stm32f0xx_hal.o
 .debug_line    0x0000000000002867      0x9a5 ./Drivers/STM32F0xx_HAL_Driver/Src/stm32f0xx_hal_cortex.o
 .debug_line    0x000000000000320c      0xa74 ./Drivers/STM32F0xx_HAL_Driver/Src/stm32f0xx_hal_gpio.o
 .debug_line    0x0000000000003c80      0xce1 ./Drivers/STM32F0xx_HAL_Driver/Src/stm32f0xx_hal_rcc.o
 .debug_line    0x0000000000004961      0x7a8 ./ThirdParty/FreeRTOS/list.o
 .debug_line    0x0000000000005109     0x141f ./ThirdParty/FreeRTOS/queue.o
 .debug_line    0x0000000000006528     0x1b8e ./ThirdParty/FreeRTOS/tasks.o
 .debug_line    0x00000000000080b6      0xc0e ./ThirdParty/FreeRTOS/timers.o
 .debug_line    0x0000000000008cc4      0x749 ./ThirdParty/FreeRTOS/portable/GCC/ARM_CM0/port.o
 .debug_line    0x000000000000940d      0x9fe ./ThirdParty/FreeRTOS/portable/MemMang/heap_4.o

.debug_str      0x0000000000000000    0x6d0fd
 .debug_str     0x0000000000000000    0x68584 ./Core/Src/main.o
                                      0x688ee (size before relaxing)
 .debug_str     0x0000000000068584       0x2c ./Core/Src/stm32f0xx_hal_msp.o
                                      0x5f96f (size before relaxing)
 .debug_str     0x00000000000685b0       0x4b ./Core/Src/stm32f0xx_it.o
                                      0x5f934 (size before relaxing)
 .debug_str     0x00000000000685fb       0x5f ./Core/Src/system_stm32f0xx.o
                                      0x5f8c6 (size before relaxing)
 .debug_str     0x000000000006865a       0x36 ./Core/Startup/startup_stm32f051r8tx.o
                                         0x82 (size before relaxing)
 .debug_str     0x0000000000068690      0x455 ./Drivers/STM32F0xx_HAL_Driver/Src/stm32f0xx_hal.o
                                      0x5fe07 (size before relaxing)
 .debug_str     0x0000000000068ae5      0x204 ./Drivers/STM32F0xx_HAL_Driver/Src/stm32f0xx_hal_cortex.o
                                      0x5fcbb (size before relaxing)
 .debug_str     0x0000000000068ce9      0x156 ./Drivers/STM32F0xx_HAL_Driver/Src/stm32f0xx_hal_gpio.o
                                      0x5faa5 (size before relaxing)
 .debug_str     0x0000000000068e3f      0x240 ./Drivers/STM32F0xx_HAL_Driver/Src/stm32f0xx_hal_rcc.o
                                      0x5fcd0 (size before relaxing)
 .debug_str     0x000000000006907f      0x27c ./ThirdParty/FreeRTOS/list.o
                                       0xad5b (size before relaxing)
 .debug_str     0x00000000000692fb     0x124d ./ThirdParty/FreeRTOS/queue.o
                                       0xd21d (size before relaxing)
 .debug_str     0x000000000006a548     0x1b92 ./ThirdParty/FreeRTOS/tasks.o
                                       0xdca1 (size before relaxing)
 .debug_str     0x000000000006c0da      0x55a ./ThirdParty/FreeRTOS/timers.o
                                       0xd444 (size before relaxing)
 .debug_str     0x000000000006c634      0x4f2 ./ThirdParty/FreeRTOS/portable/GCC/ARM_CM0/port.o
                                       0x90e8 (size before relaxing)
 .debug_str     0x000000000006cb26      0x5d7 ./ThirdParty/FreeRTOS/portable/MemMang/heap_4.o
                                       0xc510 (size before relaxing)

.comment        0x0000000000000000       0x53
 .comment       0x0000000000000000       0x53 ./Core/Src/main.o
                                         0x54 (size before relaxing)
 .comment       0x0000000000000053       0x54 ./Core/Src/stm32f0xx_hal_msp.o
 .comment       0x0000000000000053       0x54 ./Core/Src/stm32f0xx_it.o
 .comment       0x0000000000000053       0x54 ./Core/Src/system_stm32f0xx.o
 .comment       0x0000000000000053       0x54 ./Drivers/STM32F0xx_HAL_Driver/Src/stm32f0xx_hal.o
 .comment       0x0000000000000053       0x54 ./Drivers/STM32F0xx_HAL_Driver/Src/stm32f0xx_hal_cortex.o
 .comment       0x0000000000000053       0x54 ./Drivers/STM32F0xx_HAL_Driver/Src/stm32f0xx_hal_gpio.o
 .comment       0x0000000000000053       0x54 ./Drivers/STM32F0xx_HAL_Driver/Src/stm32f0xx_hal_rcc.o
 .comment       0x0000000000000053       0x54 ./ThirdParty/FreeRTOS/list.o
 .comment       0x0000000000000053       0x54 ./ThirdParty/FreeRTOS/queue.o
 .comment       0x0000000000000053       0x54 ./ThirdParty/FreeRTOS/tasks.o
 .comment       0x0000000000000053       0x54 ./ThirdParty/FreeRTOS/timers.o
 .comment       0x0000000000000053       0x54 ./ThirdParty/FreeRTOS/portable/GCC/ARM_CM0/port.o
 .comment       0x0000000000000053       0x54 ./ThirdParty/FreeRTOS/portable/MemMang/heap_4.o

.debug_frame    0x0000000000000000     0x1c70
 .debug_frame   0x0000000000000000       0xac ./Core/Src/main.o
 .debug_frame   0x00000000000000ac       0x30 ./Core/Src/stm32f0xx_hal_msp.o
 .debug_frame   0x00000000000000dc       0x48 ./Core/Src/stm32f0xx_it.o
 .debug_frame   0x0000000000000124       0x4c ./Core/Src/system_stm32f0xx.o
 .debug_frame   0x0000000000000170      0x2a4 ./Drivers/STM32F0xx_HAL_Driver/Src/stm32f0xx_hal.o
 .debug_frame   0x0000000000000414      0x2a0 ./Drivers/STM32F0xx_HAL_Driver/Src/stm32f0xx_hal_cortex.o
 .debug_frame   0x00000000000006b4      0x110 ./Drivers/STM32F0xx_HAL_Driver/Src/stm32f0xx_hal_gpio.o
 .debug_frame   0x00000000000007c4      0x198 ./Drivers/STM32F0xx_HAL_Driver/Src/stm32f0xx_hal_rcc.o
 .debug_frame   0x000000000000095c       0xb0 ./ThirdParty/FreeRTOS/list.o
 .debug_frame   0x0000000000000a0c      0x478 ./ThirdParty/FreeRTOS/queue.o
 .debug_frame   0x0000000000000e84      0x778 ./ThirdParty/FreeRTOS/tasks.o
 .debug_frame   0x00000000000015fc      0x348 ./ThirdParty/FreeRTOS/timers.o
 .debug_frame   0x0000000000001944      0x174 ./ThirdParty/FreeRTOS/portable/GCC/ARM_CM0/port.o
 .debug_frame   0x0000000000001ab8      0x124 ./ThirdParty/FreeRTOS/portable/MemMang/heap_4.o
 .debug_frame   0x0000000000001bdc       0x2c c:/st/stm32cubeide_1.7.0/stm32cubeide/plugins/com.st.stm32cube.ide.mcu.externaltools.gnu-tools-for-stm32.9-2020-q2-update.win32_2.0.0.202105311346/tools/bin/../lib/gcc/arm-none-eabi/9.3.1/../../../../arm-none-eabi/lib/thumb/v6-m/nofp\libc_nano.a(lib_a-init.o)
 .debug_frame   0x0000000000001c08       0x28 c:/st/stm32cubeide_1.7.0/stm32cubeide/plugins/com.st.stm32cube.ide.mcu.externaltools.gnu-tools-for-stm32.9-2020-q2-update.win32_2.0.0.202105311346/tools/bin/../lib/gcc/arm-none-eabi/9.3.1/../../../../arm-none-eabi/lib/thumb/v6-m/nofp\libc_nano.a(lib_a-memcpy-stub.o)
 .debug_frame   0x0000000000001c30       0x20 c:/st/stm32cubeide_1.7.0/stm32cubeide/plugins/com.st.stm32cube.ide.mcu.externaltools.gnu-tools-for-stm32.9-2020-q2-update.win32_2.0.0.202105311346/tools/bin/../lib/gcc/arm-none-eabi/9.3.1/../../../../arm-none-eabi/lib/thumb/v6-m/nofp\libc_nano.a(lib_a-memset.o)
 .debug_frame   0x0000000000001c50       0x20 c:/st/stm32cubeide_1.7.0/stm32cubeide/plugins/com.st.stm32cube.ide.mcu.externaltools.gnu-tools-for-stm32.9-2020-q2-update.win32_2.0.0.202105311346/tools/bin/../lib/gcc/arm-none-eabi/9.3.1/thumb/v6-m/nofp\libgcc.a(_udivsi3.o)
