Archive member included to satisfy reference by file (symbol)

c:/st/stm32cubeide_1.7.0/stm32cubeide/plugins/com.st.stm32cube.ide.mcu.externaltools.gnu-tools-for-stm32.9-2020-q2-update.win32_2.0.0.202105311346/tools/bin/../lib/gcc/arm-none-eabi/9.3.1/../../../../arm-none-eabi/lib/thumb/v6-m/nofp\libc_nano.a(lib_a-errno.o)
                              ./Core/Src/syscalls.o (__errno)
c:/st/stm32cubeide_1.7.0/stm32cubeide/plugins/com.st.stm32cube.ide.mcu.externaltools.gnu-tools-for-stm32.9-2020-q2-update.win32_2.0.0.202105311346/tools/bin/../lib/gcc/arm-none-eabi/9.3.1/../../../../arm-none-eabi/lib/thumb/v6-m/nofp\libc_nano.a(lib_a-exit.o)
                              c:/st/stm32cubeide_1.7.0/stm32cubeide/plugins/com.st.stm32cube.ide.mcu.externaltools.gnu-tools-for-stm32.9-2020-q2-update.win32_2.0.0.202105311346/tools/bin/../lib/gcc/arm-none-eabi/9.3.1/../../../../arm-none-eabi/lib/thumb/v6-m/nofp/crt0.o (exit)
c:/st/stm32cubeide_1.7.0/stm32cubeide/plugins/com.st.stm32cube.ide.mcu.externaltools.gnu-tools-for-stm32.9-2020-q2-update.win32_2.0.0.202105311346/tools/bin/../lib/gcc/arm-none-eabi/9.3.1/../../../../arm-none-eabi/lib/thumb/v6-m/nofp\libc_nano.a(lib_a-impure.o)
                              c:/st/stm32cubeide_1.7.0/stm32cubeide/plugins/com.st.stm32cube.ide.mcu.externaltools.gnu-tools-for-stm32.9-2020-q2-update.win32_2.0.0.202105311346/tools/bin/../lib/gcc/arm-none-eabi/9.3.1/../../../../arm-none-eabi/lib/thumb/v6-m/nofp\libc_nano.a(lib_a-exit.o) (_global_impure_ptr)
c:/st/stm32cubeide_1.7.0/stm32cubeide/plugins/com.st.stm32cube.ide.mcu.externaltools.gnu-tools-for-stm32.9-2020-q2-update.win32_2.0.0.202105311346/tools/bin/../lib/gcc/arm-none-eabi/9.3.1/../../../../arm-none-eabi/lib/thumb/v6-m/nofp\libc_nano.a(lib_a-init.o)
                              c:/st/stm32cubeide_1.7.0/stm32cubeide/plugins/com.st.stm32cube.ide.mcu.externaltools.gnu-tools-for-stm32.9-2020-q2-update.win32_2.0.0.202105311346/tools/bin/../lib/gcc/arm-none-eabi/9.3.1/../../../../arm-none-eabi/lib/thumb/v6-m/nofp/crt0.o (__libc_init_array)
c:/st/stm32cubeide_1.7.0/stm32cubeide/plugins/com.st.stm32cube.ide.mcu.externaltools.gnu-tools-for-stm32.9-2020-q2-update.win32_2.0.0.202105311346/tools/bin/../lib/gcc/arm-none-eabi/9.3.1/../../../../arm-none-eabi/lib/thumb/v6-m/nofp\libc_nano.a(lib_a-memset.o)
                              c:/st/stm32cubeide_1.7.0/stm32cubeide/plugins/com.st.stm32cube.ide.mcu.externaltools.gnu-tools-for-stm32.9-2020-q2-update.win32_2.0.0.202105311346/tools/bin/../lib/gcc/arm-none-eabi/9.3.1/../../../../arm-none-eabi/lib/thumb/v6-m/nofp/crt0.o (memset)
c:/st/stm32cubeide_1.7.0/stm32cubeide/plugins/com.st.stm32cube.ide.mcu.externaltools.gnu-tools-for-stm32.9-2020-q2-update.win32_2.0.0.202105311346/tools/bin/../lib/gcc/arm-none-eabi/9.3.1/../../../../arm-none-eabi/lib/thumb/v6-m/nofp\libc_nano.a(lib_a-strlen.o)
                              ./Core/Src/main.o (strlen)
c:/st/stm32cubeide_1.7.0/stm32cubeide/plugins/com.st.stm32cube.ide.mcu.externaltools.gnu-tools-for-stm32.9-2020-q2-update.win32_2.0.0.202105311346/tools/bin/../lib/gcc/arm-none-eabi/9.3.1/thumb/v6-m/nofp\libgcc.a(_udivsi3.o)
                              ./Core/Src/system_stm32f0xx.o (__aeabi_uidiv)
c:/st/stm32cubeide_1.7.0/stm32cubeide/plugins/com.st.stm32cube.ide.mcu.externaltools.gnu-tools-for-stm32.9-2020-q2-update.win32_2.0.0.202105311346/tools/bin/../lib/gcc/arm-none-eabi/9.3.1/thumb/v6-m/nofp\libgcc.a(_dvmd_tls.o)
                              c:/st/stm32cubeide_1.7.0/stm32cubeide/plugins/com.st.stm32cube.ide.mcu.externaltools.gnu-tools-for-stm32.9-2020-q2-update.win32_2.0.0.202105311346/tools/bin/../lib/gcc/arm-none-eabi/9.3.1/thumb/v6-m/nofp\libgcc.a(_udivsi3.o) (__aeabi_idiv0)

Allocating common symbols
Common symbol       size              file

uwTick              0x4               ./Drivers/STM32F0xx_HAL_Driver/Src/stm32f0xx_hal.o
pFlash              0x20              ./Drivers/STM32F0xx_HAL_Driver/Src/stm32f0xx_hal_flash.o
huart1              0x88              ./Core/Src/main.o

Discarded input sections

 .text          0x0000000000000000        0x0 c:/st/stm32cubeide_1.7.0/stm32cubeide/plugins/com.st.stm32cube.ide.mcu.externaltools.gnu-tools-for-stm32.9-2020-q2-update.win32_2.0.0.202105311346/tools/bin/../lib/gcc/arm-none-eabi/9.3.1/thumb/v6-m/nofp/crti.o
 .data          0x0000000000000000        0x0 c:/st/stm32cubeide_1.7.0/stm32cubeide/plugins/com.st.stm32cube.ide.mcu.externaltools.gnu-tools-for-stm32.9-2020-q2-update.win32_2.0.0.202105311346/tools/bin/../lib/gcc/arm-none-eabi/9.3.1/thumb/v6-m/nofp/crti.o
 .bss           0x0000000000000000        0x0 c:/st/stm32cubeide_1.7.0/stm32cubeide/plugins/com.st.stm32cube.ide.mcu.externaltools.gnu-tools-for-stm32.9-2020-q2-update.win32_2.0.0.202105311346/tools/bin/../lib/gcc/arm-none-eabi/9.3.1/thumb/v6-m/nofp/crti.o
[...]
Memory Configuration

Name             Origin             Length             Attributes
RAM              0x0000000020000000 0x0000000000002000 xrw
FLASH            0x0000000008000000 0x0000000000010000 xr
*default*        0x0000000000000000 0xffffffffffffffff

Linker script and memory map

LOAD c:/st/stm32cubeide_1.7.0/stm32cubeide/plugins/com.st.stm32cube.ide.mcu.externaltools.gnu-tools-for-stm32.9-2020-q2-update.win32_2.0.0.202105311346/tools/bin/../lib/gcc/arm-none-eabi/9.3.1/thumb/v6-m/nofp/crti.o
LOAD c:/st/stm32cubeide_1.7.0/stm32cubeide/plugins/com.st.stm32cube.ide.mcu.externaltools.gnu-tools-for-stm32.9-2020-q2-update.win32_2.0.0.202105311346/tools/bin/../lib/gcc/arm-none-eabi/9.3.1/thumb/v6-m/nofp/crtbegin.o
LOAD c:/st/stm32cubeide_1.7.0/stm32cubeide/plugins/com.st.stm32cube.ide.mcu.externaltools.gnu-tools-for-stm32.9-2020-q2-update.win32_2.0.0.202105311346/tools/bin/../lib/gcc/arm-none-eabi/9.3.1/../../../../arm-none-eabi/lib/thumb/v6-m/nofp/crt0.o
LOAD ./Core/Src/main.o
LOAD ./Core/Src/stm32f0xx_hal_msp.o
LOAD ./Core/Src/stm32f0xx_it.o
LOAD ./Core/Src/syscalls.o
LOAD ./Core/Src/sysmem.o
LOAD ./Core/Src/system_stm32f0xx.o
LOAD ./Core/Startup/startup_stm32f051r8tx.o
LOAD ./Drivers/STM32F0xx_HAL_Driver/Src/stm32f0xx_hal.o
LOAD ./Drivers/STM32F0xx_HAL_Driver/Src/stm32f0xx_hal_cortex.o
LOAD ./Drivers/STM32F0xx_HAL_Driver/Src/stm32f0xx_hal_dma.o
LOAD ./Drivers/STM32F0xx_HAL_Driver/Src/stm32f0xx_hal_exti.o
LOAD ./Drivers/STM32F0xx_HAL_Driver/Src/stm32f0xx_hal_flash.o
LOAD ./Drivers/STM32F0xx_HAL_Driver/Src/stm32f0xx_hal_flash_ex.o
LOAD ./Drivers/STM32F0xx_HAL_Driver/Src/stm32f0xx_hal_gpio.o
LOAD ./Drivers/STM32F0xx_HAL_Driver/Src/stm32f0xx_hal_i2c.o
LOAD ./Drivers/STM32F0xx_HAL_Driver/Src/stm32f0xx_hal_i2c_ex.o
LOAD ./Drivers/STM32F0xx_HAL_Driver/Src/stm32f0xx_hal_pwr.o
LOAD ./Drivers/STM32F0xx_HAL_Driver/Src/stm32f0xx_hal_pwr_ex.o
LOAD ./Drivers/STM32F0xx_HAL_Driver/Src/stm32f0xx_hal_rcc.o
LOAD ./Drivers/STM32F0xx_HAL_Driver/Src/stm32f0xx_hal_rcc_ex.o
LOAD ./Drivers/STM32F0xx_HAL_Driver/Src/stm32f0xx_hal_tim.o
LOAD ./Drivers/STM32F0xx_HAL_Driver/Src/stm32f0xx_hal_tim_ex.o
LOAD ./Drivers/STM32F0xx_HAL_Driver/Src/stm32f0xx_hal_uart.o
LOAD ./Drivers/STM32F0xx_HAL_Driver/Src/stm32f0xx_hal_uart_ex.o
START GROUP
LOAD c:/st/stm32cubeide_1.7.0/stm32cubeide/plugins/com.st.stm32cube.ide.mcu.externaltools.gnu-tools-for-stm32.9-2020-q2-update.win32_2.0.0.202105311346/tools/bin/../lib/gcc/arm-none-eabi/9.3.1/../../../../arm-none-eabi/lib/thumb/v6-m/nofp\libc_nano.a
LOAD c:/st/stm32cubeide_1.7.0/stm32cubeide/plugins/com.st.stm32cube.ide.mcu.externaltools.gnu-tools-for-stm32.9-2020-q2-update.win32_2.0.0.202105311346/tools/bin/../lib/gcc/arm-none-eabi/9.3.1/../../../../arm-none-eabi/lib/thumb/v6-m/nofp\libm.a
END GROUP
START GROUP
LOAD c:/st/stm32cubeide_1.7.0/stm32cubeide/plugins/com.st.stm32cube.ide.mcu.externaltools.gnu-tools-for-stm32.9-2020-q2-update.win32_2.0.0.202105311346/tools/bin/../lib/gcc/arm-none-eabi/9.3.1/thumb/v6-m/nofp\libgcc.a
LOAD c:/st/stm32cubeide_1.7.0/stm32cubeide/plugins/com.st.stm32cube.ide.mcu.externaltools.gnu-tools-for-stm32.9-2020-q2-update.win32_2.0.0.202105311346/tools/bin/../lib/gcc/arm-none-eabi/9.3.1/../../../../arm-none-eabi/lib/thumb/v6-m/nofp\libc_nano.a
END GROUP
START GROUP
LOAD c:/st/stm32cubeide_1.7.0/stm32cubeide/plugins/com.st.stm32cube.ide.mcu.externaltools.gnu-tools-for-stm32.9-2020-q2-update.win32_2.0.0.202105311346/tools/bin/../lib/gcc/arm-none-eabi/9.3.1/thumb/v6-m/nofp\libgcc.a
LOAD c:/st/stm32cubeide_1.7.0/stm32cubeide/plugins/com.st.stm32cube.ide.mcu.externaltools.gnu-tools-for-stm32.9-2020-q2-update.win32_2.0.0.202105311346/tools/bin/../lib/gcc/arm-none-eabi/9.3.1/../../../../arm-none-eabi/lib/thumb/v6-m/nofp\libc_nano.a
LOAD c:/st/stm32cubeide_1.7.0/stm32cubeide/plugins/com.st.stm32cube.ide.mcu.externaltools.gnu-tools-for-stm32.9-2020-q2-update.win32_2.0.0.202105311346/tools/bin/../lib/gcc/arm-none-eabi/9.3.1/../../../../arm-none-eabi/lib/thumb/v6-m/nofp\libnosys.a
END GROUP
START GROUP
LOAD c:/st/stm32cubeide_1.7.0/stm32cubeide/plugins/com.st.stm32cube.ide.mcu.externaltools.gnu-tools-for-stm32.9-2020-q2-update.win32_2.0.0.202105311346/tools/bin/../lib/gcc/arm-none-eabi/9.3.1/thumb/v6-m/nofp\libgcc.a
LOAD c:/st/stm32cubeide_1.7.0/stm32cubeide/plugins/com.st.stm32cube.ide.mcu.externaltools.gnu-tools-for-stm32.9-2020-q2-update.win32_2.0.0.202105311346/tools/bin/../lib/gcc/arm-none-eabi/9.3.1/../../../../arm-none-eabi/lib/thumb/v6-m/nofp\libc_nano.a
LOAD c:/st/stm32cubeide_1.7.0/stm32cubeide/plugins/com.st.stm32cube.ide.mcu.externaltools.gnu-tools-for-stm32.9-2020-q2-update.win32_2.0.0.202105311346/tools/bin/../lib/gcc/arm-none-eabi/9.3.1/../../../../arm-none-eabi/lib/thumb/v6-m/nofp\libnosys.a
END GROUP
LOAD c:/st/stm32cubeide_1.7.0/stm32cubeide/plugins/com.st.stm32cube.ide.mcu.externaltools.gnu-tools-for-stm32.9-2020-q2-update.win32_2.0.0.202105311346/tools/bin/../lib/gcc/arm-none-eabi/9.3.1/thumb/v6-m/nofp/crtend.o
LOAD c:/st/stm32cubeide_1.7.0/stm32cubeide/plugins/com.st.stm32cube.ide.mcu.externaltools.gnu-tools-for-stm32.9-2020-q2-update.win32_2.0.0.202105311346/tools/bin/../lib/gcc/arm-none-eabi/9.3.1/thumb/v6-m/nofp/crtn.o
                0x0000000020002000                _estack = (ORIGIN (RAM) + LENGTH (RAM))
                0x0000000000000200                _Min_Heap_Size = 0x200
                0x0000000000000400                _Min_Stack_Size = 0x400

.isr_vector     0x0000000008000000       0xc0
                0x0000000008000000                . = ALIGN (0x4)
 *(.isr_vector)
 .isr_vector    0x0000000008000000       0xc0 ./Core/Startup/startup_stm32f051r8tx.o
                0x0000000008000000                g_pfnVectors
                0x00000000080000c0                . = ALIGN (0x4)

.text           0x00000000080000c0     0x1e9c
                0x00000000080000c0                . = ALIGN (0x4)
 *(.text)
 .text          0x00000000080000c0       0x48 c:/st/stm32cubeide_1.7.0/stm32cubeide/plugins/com.st.stm32cube.ide.mcu.externaltools.gnu-tools-for-stm32.9-2020-q2-update.win32_2.0.0.202105311346/tools/bin/../lib/gcc/arm-none-eabi/9.3.1/thumb/v6-m/nofp/crtbegin.o
 .text          0x0000000008000108        0xe c:/st/stm32cubeide_1.7.0/stm32cubeide/plugins/com.st.stm32cube.ide.mcu.externaltools.gnu-tools-for-stm32.9-2020-q2-update.win32_2.0.0.202105311346/tools/bin/../lib/gcc/arm-none-eabi/9.3.1/../../../../arm-none-eabi/lib/thumb/v6-m/nofp\libc_nano.a(lib_a-strlen.o)
                0x0000000008000108                strlen
 *fill*         0x0000000008000116        0x2 
 .text          0x0000000008000118      0x114 c:/st/stm32cubeide_1.7.0/stm32cubeide/plugins/com.st.stm32cube.ide.mcu.externaltools.gnu-tools-for-stm32.9-2020-q2-update.win32_2.0.0.202105311346/tools/bin/../lib/gcc/arm-none-eabi/9.3.1/thumb/v6-m/nofp\libgcc.a(_udivsi3.o)
                0x0000000008000118                __aeabi_uidiv
                0x0000000008000118                __udivsi3
                0x0000000008000224                __aeabi_uidivmod
 .text          0x000000000800022c        0x4 c:/st/stm32cubeide_1.7.0/stm32cubeide/plugins/com.st.stm32cube.ide.mcu.externaltools.gnu-tools-for-stm32.9-2020-q2-update.win32_2.0.0.202105311346/tools/bin/../lib/gcc/arm-none-eabi/9.3.1/thumb/v6-m/nofp\libgcc.a(_dvmd_tls.o)
                0x000000000800022c                __aeabi_idiv0
                0x000000000800022c                __aeabi_ldiv0
 *(.text*)
 .text.main     0x0000000008000230       0x9c ./Core/Src/main.o
                0x0000000008000230                main
 .text.SystemClock_Config
                0x00000000080002cc       0xc2 ./Core/Src/main.o
                0x00000000080002cc                SystemClock_Config
 *fill*         0x000000000800038e        0x2 
 .text.MX_USART1_UART_Init
                0x0000000008000390       0x60 ./Core/Src/main.o
 .text.MX_GPIO_Init
                0x00000000080003f0       0xb8 ./Core/Src/main.o
 .text.Error_Handler
                0x00000000080004a8        0xa ./Core/Src/main.o
                0x00000000080004a8                Error_Handler
 *fill*         0x00000000080004b2        0x2 
 .text.HAL_MspInit
                0x00000000080004b4       0x48 ./Core/Src/stm32f0xx_hal_msp.o
                0x00000000080004b4                HAL_MspInit
 .text.HAL_UART_MspInit
                0x00000000080004fc       0x9c ./Core/Src/stm32f0xx_hal_msp.o
                0x00000000080004fc                HAL_UART_MspInit
 .text.NMI_Handler
                0x0000000008000598        0x6 ./Core/Src/stm32f0xx_it.o
                0x0000000008000598                NMI_Handler
 .text.HardFault_Handler
                0x000000000800059e        0x6 ./Core/Src/stm32f0xx_it.o
                0x000000000800059e                HardFault_Handler
 .text.SVC_Handler
                0x00000000080005a4        0xa ./Core/Src/stm32f0xx_it.o
                0x00000000080005a4                SVC_Handler
 .text.PendSV_Handler
                0x00000000080005ae        0xa ./Core/Src/stm32f0xx_it.o
                0x00000000080005ae                PendSV_Handler
 .text.SysTick_Handler
                0x00000000080005b8        0xe ./Core/Src/stm32f0xx_it.o
                0x00000000080005b8                SysTick_Handler
 .text.SystemInit
                0x00000000080005c6        0xa ./Core/Src/system_stm32f0xx.o
                0x00000000080005c6                SystemInit
 .text.Reset_Handler
                0x00000000080005d0       0x50 ./Core/Startup/startup_stm32f051r8tx.o
                0x00000000080005d0                Reset_Handler
 .text.Default_Handler
                0x0000000008000620        0x2 ./Core/Startup/startup_stm32f051r8tx.o
                0x0000000008000620                TIM1_CC_IRQHandler
                0x0000000008000620                TSC_IRQHandler
                0x0000000008000620                ADC1_COMP_IRQHandler
                0x0000000008000620                PVD_IRQHandler
                0x0000000008000620                I2C1_IRQHandler
                0x0000000008000620                RCC_CRS_IRQHandler
                0x0000000008000620                SPI1_IRQHandler
                0x0000000008000620                TIM6_DAC_IRQHandler
                0x0000000008000620                EXTI2_3_IRQHandler
                0x0000000008000620                I2C2_IRQHandler
                0x0000000008000620                TIM17_IRQHandler
                0x0000000008000620                CEC_CAN_IRQHandler
                0x0000000008000620                RTC_IRQHandler
                0x0000000008000620                TIM16_IRQHandler
                0x0000000008000620                TIM3_IRQHandler
                0x0000000008000620                EXTI4_15_IRQHandler
                0x0000000008000620                DMA1_Channel1_IRQHandler
                0x0000000008000620                Default_Handler
                0x0000000008000620                TIM14_IRQHandler
                0x0000000008000620                DMA1_Channel4_5_IRQHandler
                0x0000000008000620                TIM15_IRQHandler
                0x0000000008000620                EXTI0_1_IRQHandler
                0x0000000008000620                SPI2_IRQHandler
                0x0000000008000620                WWDG_IRQHandler
                0x0000000008000620                TIM2_IRQHandler
                0x0000000008000620                DMA1_Channel2_3_IRQHandler
                0x0000000008000620                USART2_IRQHandler
                0x0000000008000620                FLASH_IRQHandler
                0x0000000008000620                USART1_IRQHandler
                0x0000000008000620                TIM1_BRK_UP_TRG_COM_IRQHandler
 *fill*         0x0000000008000622        0x2 
 .text.HAL_Init
                0x0000000008000624       0x28 ./Drivers/STM32F0xx_HAL_Driver/Src/stm32f0xx_hal.o
                0x0000000008000624                HAL_Init
 .text.HAL_InitTick
                0x000000000800064c       0x68 ./Drivers/STM32F0xx_HAL_Driver/Src/stm32f0xx_hal.o
                0x000000000800064c                HAL_InitTick
 .text.HAL_IncTick
                0x00000000080006b4       0x24 ./Drivers/STM32F0xx_HAL_Driver/Src/stm32f0xx_hal.o
                0x00000000080006b4                HAL_IncTick
 .text.HAL_GetTick
                0x00000000080006d8       0x14 ./Drivers/STM32F0xx_HAL_Driver/Src/stm32f0xx_hal.o
                0x00000000080006d8                HAL_GetTick
 .text.HAL_Delay
                0x00000000080006ec       0x48 ./Drivers/STM32F0xx_HAL_Driver/Src/stm32f0xx_hal.o
                0x00000000080006ec                HAL_Delay
 .text.__NVIC_SetPriority
                0x0000000008000734       0xdc ./Drivers/STM32F0xx_HAL_Driver/Src/stm32f0xx_hal_cortex.o
 .text.SysTick_Config
                0x0000000008000810       0x48 ./Drivers/STM32F0xx_HAL_Driver/Src/stm32f0xx_hal_cortex.o
 .text.HAL_NVIC_SetPriority
                0x0000000008000858       0x2a ./Drivers/STM32F0xx_HAL_Driver/Src/stm32f0xx_hal_cortex.o
                0x0000000008000858                HAL_NVIC_SetPriority
 .text.HAL_SYSTICK_Config
                0x0000000008000882       0x1a ./Drivers/STM32F0xx_HAL_Driver/Src/stm32f0xx_hal_cortex.o
                0x0000000008000882                HAL_SYSTICK_Config
 .text.HAL_GPIO_Init
                0x000000000800089c      0x2e0 ./Drivers/STM32F0xx_HAL_Driver/Src/stm32f0xx_hal_gpio.o
                0x000000000800089c                HAL_GPIO_Init
 .text.HAL_GPIO_WritePin
                0x0000000008000b7c       0x3a ./Drivers/STM32F0xx_HAL_Driver/Src/stm32f0xx_hal_gpio.o
                0x0000000008000b7c                HAL_GPIO_WritePin
 *fill*         0x0000000008000bb6        0x2 
 .text.HAL_RCC_OscConfig
                0x0000000008000bb8      0x634 ./Drivers/STM32F0xx_HAL_Driver/Src/stm32f0xx_hal_rcc.o
                0x0000000008000bb8                HAL_RCC_OscConfig
 .text.HAL_RCC_ClockConfig
                0x00000000080011ec      0x19c ./Drivers/STM32F0xx_HAL_Driver/Src/stm32f0xx_hal_rcc.o
                0x00000000080011ec                HAL_RCC_ClockConfig
 .text.HAL_RCC_GetSysClockFreq
                0x0000000008001388       0xac ./Drivers/STM32F0xx_HAL_Driver/Src/stm32f0xx_hal_rcc.o
                0x0000000008001388                HAL_RCC_GetSysClockFreq
 .text.HAL_RCC_GetHCLKFreq
                0x0000000008001434       0x14 ./Drivers/STM32F0xx_HAL_Driver/Src/stm32f0xx_hal_rcc.o
                0x0000000008001434                HAL_RCC_GetHCLKFreq
 .text.HAL_RCC_GetPCLK1Freq
                0x0000000008001448       0x2c ./Drivers/STM32F0xx_HAL_Driver/Src/stm32f0xx_hal_rcc.o
                0x0000000008001448                HAL_RCC_GetPCLK1Freq
 .text.HAL_RCCEx_PeriphCLKConfig
                0x0000000008001474      0x1bc ./Drivers/STM32F0xx_HAL_Driver/Src/stm32f0xx_hal_rcc_ex.o
                0x0000000008001474                HAL_RCCEx_PeriphCLKConfig
 .text.HAL_UART_Init
                0x0000000008001630       0xa8 ./Drivers/STM32F0xx_HAL_Driver/Src/stm32f0xx_hal_uart.o
                0x0000000008001630                HAL_UART_Init
 .text.HAL_UART_Transmit
                0x00000000080016d8      0x140 ./Drivers/STM32F0xx_HAL_Driver/Src/stm32f0xx_hal_uart.o
                0x00000000080016d8                HAL_UART_Transmit
 .text.UART_SetConfig
                0x0000000008001818      0x280 ./Drivers/STM32F0xx_HAL_Driver/Src/stm32f0xx_hal_uart.o
                0x0000000008001818                UART_SetConfig
 .text.UART_AdvFeatureConfig
                0x0000000008001a98      0x168 ./Drivers/STM32F0xx_HAL_Driver/Src/stm32f0xx_hal_uart.o
                0x0000000008001a98                UART_AdvFeatureConfig
 .text.UART_CheckIdleState
                0x0000000008001c00      0x150 ./Drivers/STM32F0xx_HAL_Driver/Src/stm32f0xx_hal_uart.o
                0x0000000008001c00                UART_CheckIdleState
 .text.UART_WaitOnFlagUntilTimeout
                0x0000000008001d50       0xd2 ./Drivers/STM32F0xx_HAL_Driver/Src/stm32f0xx_hal_uart.o
                0x0000000008001d50                UART_WaitOnFlagUntilTimeout
 *fill*         0x0000000008001e22        0x2 
 .text.UART_EndRxTransfer
                0x0000000008001e24       0xc8 ./Drivers/STM32F0xx_HAL_Driver/Src/stm32f0xx_hal_uart.o
 .text.__libc_init_array
                0x0000000008001eec       0x48 c:/st/stm32cubeide_1.7.0/stm32cubeide/plugins/com.st.stm32cube.ide.mcu.externaltools.gnu-tools-for-stm32.9-2020-q2-update.win32_2.0.0.202105311346/tools/bin/../lib/gcc/arm-none-eabi/9.3.1/../../../../arm-none-eabi/lib/thumb/v6-m/nofp\libc_nano.a(lib_a-init.o)
                0x0000000008001eec                __libc_init_array
 .text.memset   0x0000000008001f34       0x10 c:/st/stm32cubeide_1.7.0/stm32cubeide/plugins/com.st.stm32cube.ide.mcu.externaltools.gnu-tools-for-stm32.9-2020-q2-update.win32_2.0.0.202105311346/tools/bin/../lib/gcc/arm-none-eabi/9.3.1/../../../../arm-none-eabi/lib/thumb/v6-m/nofp\libc_nano.a(lib_a-memset.o)
                0x0000000008001f34                memset
 *(.glue_7)
 .glue_7        0x0000000008001f44        0x0 linker stubs
 *(.glue_7t)
 .glue_7t       0x0000000008001f44        0x0 linker stubs
 *(.eh_frame)
 .eh_frame      0x0000000008001f44        0x0 c:/st/stm32cubeide_1.7.0/stm32cubeide/plugins/com.st.stm32cube.ide.mcu.externaltools.gnu-tools-for-stm32.9-2020-q2-update.win32_2.0.0.202105311346/tools/bin/../lib/gcc/arm-none-eabi/9.3.1/thumb/v6-m/nofp/crtbegin.o
 *(.init)
 .init          0x0000000008001f44        0x4 c:/st/stm32cubeide_1.7.0/stm32cubeide/plugins/com.st.stm32cube.ide.mcu.externaltools.gnu-tools-for-stm32.9-2020-q2-update.win32_2.0.0.202105311346/tools/bin/../lib/gcc/arm-none-eabi/9.3.1/thumb/v6-m/nofp/crti.o
                0x0000000008001f44                _init
 .init          0x0000000008001f48        0x8 c:/st/stm32cubeide_1.7.0/stm32cubeide/plugins/com.st.stm32cube.ide.mcu.externaltools.gnu-tools-for-stm32.9-2020-q2-update.win32_2.0.0.202105311346/tools/bin/../lib/gcc/arm-none-eabi/9.3.1/thumb/v6-m/nofp/crtn.o
 *(.fini)
 .fini          0x0000000008001f50        0x4 c:/st/stm32cubeide_1.7.0/stm32cubeide/plugins/com.st.stm32cube.ide.mcu.externaltools.gnu-tools-for-stm32.9-2020-q2-update.win32_2.0.0.202105311346/tools/bin/../lib/gcc/arm-none-eabi/9.3.1/thumb/v6-m/nofp/crti.o
                0x0000000008001f50                _fini
 .fini          0x0000000008001f54        0x8 c:/st/stm32cubeide_1.7.0/stm32cubeide/plugins/com.st.stm32cube.ide.mcu.externaltools.gnu-tools-for-stm32.9-2020-q2-update.win32_2.0.0.202105311346/tools/bin/../lib/gcc/arm-none-eabi/9.3.1/thumb/v6-m/nofp/crtn.o
                0x0000000008001f5c                . = ALIGN (0x4)
                0x0000000008001f5c                _etext = .

.vfp11_veneer   0x0000000008001f5c        0x0
 .vfp11_veneer  0x0000000008001f5c        0x0 linker stubs

.v4_bx          0x0000000008001f5c        0x0
 .v4_bx         0x0000000008001f5c        0x0 linker stubs

.iplt           0x0000000008001f5c        0x0
 .iplt          0x0000000008001f5c        0x0 c:/st/stm32cubeide_1.7.0/stm32cubeide/plugins/com.st.stm32cube.ide.mcu.externaltools.gnu-tools-for-stm32.9-2020-q2-update.win32_2.0.0.202105311346/tools/bin/../lib/gcc/arm-none-eabi/9.3.1/thumb/v6-m/nofp/crtbegin.o

.rodata         0x0000000008001f5c       0x48
                0x0000000008001f5c                . = ALIGN (0x4)
 *(.rodata)
 .rodata        0x0000000008001f5c        0xf ./Core/Src/main.o
 *(.rodata*)
 *fill*         0x0000000008001f6b        0x1 
 .rodata.AHBPrescTable
                0x0000000008001f6c       0x10 ./Core/Src/system_stm32f0xx.o
                0x0000000008001f6c                AHBPrescTable
 .rodata.APBPrescTable
                0x0000000008001f7c        0x8 ./Core/Src/system_stm32f0xx.o
                0x0000000008001f7c                APBPrescTable
 .rodata.aPLLMULFactorTable.5732
                0x0000000008001f84       0x10 ./Drivers/STM32F0xx_HAL_Driver/Src/stm32f0xx_hal_rcc.o
 .rodata.aPredivFactorTable.5733
                0x0000000008001f94       0x10 ./Drivers/STM32F0xx_HAL_Driver/Src/stm32f0xx_hal_rcc.o
                0x0000000008001fa4                . = ALIGN (0x4)

.rel.dyn        0x0000000008001fa4        0x0
 .rel.iplt      0x0000000008001fa4        0x0 c:/st/stm32cubeide_1.7.0/stm32cubeide/plugins/com.st.stm32cube.ide.mcu.externaltools.gnu-tools-for-stm32.9-2020-q2-update.win32_2.0.0.202105311346/tools/bin/../lib/gcc/arm-none-eabi/9.3.1/thumb/v6-m/nofp/crtbegin.o

.ARM.extab      0x0000000008001fa4        0x0
                0x0000000008001fa4                . = ALIGN (0x4)
 *(.ARM.extab* .gnu.linkonce.armextab.*)
                0x0000000008001fa4                . = ALIGN (0x4)

.ARM            0x0000000008001fa4        0x0
                0x0000000008001fa4                . = ALIGN (0x4)
                0x0000000008001fa4                __exidx_start = .
 *(.ARM.exidx*)
                0x0000000008001fa4                __exidx_end = .
                0x0000000008001fa4                . = ALIGN (0x4)

.preinit_array  0x0000000008001fa4        0x0
                0x0000000008001fa4                . = ALIGN (0x4)
                0x0000000008001fa4                PROVIDE (__preinit_array_start = .)
 *(.preinit_array*)
                0x0000000008001fa4                PROVIDE (__preinit_array_end = .)
                0x0000000008001fa4                . = ALIGN (0x4)

.init_array     0x0000000008001fa4        0x4
                0x0000000008001fa4                . = ALIGN (0x4)
                0x0000000008001fa4                PROVIDE (__init_array_start = .)
 *(SORT_BY_NAME(.init_array.*))
 *(.init_array*)
 .init_array    0x0000000008001fa4        0x4 c:/st/stm32cubeide_1.7.0/stm32cubeide/plugins/com.st.stm32cube.ide.mcu.externaltools.gnu-tools-for-stm32.9-2020-q2-update.win32_2.0.0.202105311346/tools/bin/../lib/gcc/arm-none-eabi/9.3.1/thumb/v6-m/nofp/crtbegin.o
                0x0000000008001fa8                PROVIDE (__init_array_end = .)
                0x0000000008001fa8                . = ALIGN (0x4)

.fini_array     0x0000000008001fa8        0x4
                0x0000000008001fa8                . = ALIGN (0x4)
                [!provide]                        PROVIDE (__fini_array_start = .)
 *(SORT_BY_NAME(.fini_array.*))
 *(.fini_array*)
 .fini_array    0x0000000008001fa8        0x4 c:/st/stm32cubeide_1.7.0/stm32cubeide/plugins/com.st.stm32cube.ide.mcu.externaltools.gnu-tools-for-stm32.9-2020-q2-update.win32_2.0.0.202105311346/tools/bin/../lib/gcc/arm-none-eabi/9.3.1/thumb/v6-m/nofp/crtbegin.o
                [!provide]                        PROVIDE (__fini_array_end = .)
                0x0000000008001fac                . = ALIGN (0x4)
                0x0000000008001fac                _sidata = LOADADDR (.data)

.data           0x0000000020000000       0x48 load address 0x0000000008001fac
                0x0000000020000000                . = ALIGN (0x4)
                0x0000000020000000                _sdata = .
 *(.data)
 *(.data*)
 .data.msg      0x0000000020000000       0x27 ./Core/Src/main.o
                0x0000000020000000                msg
 *fill*         0x0000000020000027        0x1 
 .data.msg1     0x0000000020000028        0x8 ./Core/Src/main.o
                0x0000000020000028                msg1
 .data.msg2     0x0000000020000030        0x9 ./Core/Src/main.o
                0x0000000020000030                msg2
 *fill*         0x0000000020000039        0x3 
 .data.SystemCoreClock
                0x000000002000003c        0x4 ./Core/Src/system_stm32f0xx.o
                0x000000002000003c                SystemCoreClock
 .data.uwTickPrio
                0x0000000020000040        0x4 ./Drivers/STM32F0xx_HAL_Driver/Src/stm32f0xx_hal.o
                0x0000000020000040                uwTickPrio
 .data.uwTickFreq
                0x0000000020000044        0x1 ./Drivers/STM32F0xx_HAL_Driver/Src/stm32f0xx_hal.o
                0x0000000020000044                uwTickFreq
 *(.RamFunc)
 *(.RamFunc*)
                0x0000000020000048                . = ALIGN (0x4)
 *fill*         0x0000000020000045        0x3 
                0x0000000020000048                _edata = .

.igot.plt       0x0000000020000048        0x0 load address 0x0000000008001ff4
 .igot.plt      0x0000000020000048        0x0 c:/st/stm32cubeide_1.7.0/stm32cubeide/plugins/com.st.stm32cube.ide.mcu.externaltools.gnu-tools-for-stm32.9-2020-q2-update.win32_2.0.0.202105311346/tools/bin/../lib/gcc/arm-none-eabi/9.3.1/thumb/v6-m/nofp/crtbegin.o
                0x0000000020000048                . = ALIGN (0x4)

.bss            0x0000000020000048       0xa8 load address 0x0000000008001ff4
                0x0000000020000048                _sbss = .
                0x0000000020000048                __bss_start__ = _sbss
 *(.bss)
 .bss           0x0000000020000048       0x1c c:/st/stm32cubeide_1.7.0/stm32cubeide/plugins/com.st.stm32cube.ide.mcu.externaltools.gnu-tools-for-stm32.9-2020-q2-update.win32_2.0.0.202105311346/tools/bin/../lib/gcc/arm-none-eabi/9.3.1/thumb/v6-m/nofp/crtbegin.o
 *(.bss*)
 *(COMMON)
 COMMON         0x0000000020000064       0x88 ./Core/Src/main.o
                0x0000000020000064                huart1
 COMMON         0x00000000200000ec        0x4 ./Drivers/STM32F0xx_HAL_Driver/Src/stm32f0xx_hal.o
                0x00000000200000ec                uwTick
                0x00000000200000f0                . = ALIGN (0x4)
                0x00000000200000f0                _ebss = .
                0x00000000200000f0                __bss_end__ = _ebss

._user_heap_stack
                0x00000000200000f0      0x600 load address 0x0000000008001ff4
                0x00000000200000f0                . = ALIGN (0x8)
                [!provide]                        PROVIDE (end = .)
                0x00000000200000f0                PROVIDE (_end = .)
                0x00000000200002f0                . = (. + _Min_Heap_Size)
 *fill*         0x00000000200000f0      0x200 
                0x00000000200006f0                . = (. + _Min_Stack_Size)
 *fill*         0x00000000200002f0      0x400 
                0x00000000200006f0                . = ALIGN (0x8)

/DISCARD/
 libc.a(*)
 libm.a(*)
 libgcc.a(*)

.ARM.attributes
                0x0000000000000000       0x28
 *(.ARM.attributes)
 .ARM.attributes
                0x0000000000000000       0x1e c:/st/stm32cubeide_1.7.0/stm32cubeide/plugins/com.st.stm32cube.ide.mcu.externaltools.gnu-tools-for-stm32.9-2020-q2-update.win32_2.0.0.202105311346/tools/bin/../lib/gcc/arm-none-eabi/9.3.1/thumb/v6-m/nofp/crti.o
 .ARM.attributes
                0x000000000000001e       0x2c c:/st/stm32cubeide_1.7.0/stm32cubeide/plugins/com.st.stm32cube.ide.mcu.externaltools.gnu-tools-for-stm32.9-2020-q2-update.win32_2.0.0.202105311346/tools/bin/../lib/gcc/arm-none-eabi/9.3.1/thumb/v6-m/nofp/crtbegin.o
 .ARM.attributes
                0x000000000000004a       0x2c ./Core/Src/main.o
 .ARM.attributes
                0x0000000000000076       0x2c ./Core/Src/stm32f0xx_hal_msp.o
 .ARM.attributes
                0x00000000000000a2       0x2c ./Core/Src/stm32f0xx_it.o
 .ARM.attributes
                0x00000000000000ce       0x2c ./Core/Src/system_stm32f0xx.o
 .ARM.attributes
                0x00000000000000fa       0x21 ./Core/Startup/startup_stm32f051r8tx.o
 .ARM.attributes
                0x000000000000011b       0x2c ./Drivers/STM32F0xx_HAL_Driver/Src/stm32f0xx_hal.o
 .ARM.attributes
                0x0000000000000147       0x2c ./Drivers/STM32F0xx_HAL_Driver/Src/stm32f0xx_hal_cortex.o
 .ARM.attributes
                0x0000000000000173       0x2c ./Drivers/STM32F0xx_HAL_Driver/Src/stm32f0xx_hal_gpio.o
 .ARM.attributes
                0x000000000000019f       0x2c ./Drivers/STM32F0xx_HAL_Driver/Src/stm32f0xx_hal_rcc.o
 .ARM.attributes
                0x00000000000001cb       0x2c ./Drivers/STM32F0xx_HAL_Driver/Src/stm32f0xx_hal_rcc_ex.o
 .ARM.attributes
                0x00000000000001f7       0x2c ./Drivers/STM32F0xx_HAL_Driver/Src/stm32f0xx_hal_uart.o
 .ARM.attributes
                0x0000000000000223       0x2c c:/st/stm32cubeide_1.7.0/stm32cubeide/plugins/com.st.stm32cube.ide.mcu.externaltools.gnu-tools-for-stm32.9-2020-q2-update.win32_2.0.0.202105311346/tools/bin/../lib/gcc/arm-none-eabi/9.3.1/../../../../arm-none-eabi/lib/thumb/v6-m/nofp\libc_nano.a(lib_a-init.o)
 .ARM.attributes
                0x000000000000024f       0x2c c:/st/stm32cubeide_1.7.0/stm32cubeide/plugins/com.st.stm32cube.ide.mcu.externaltools.gnu-tools-for-stm32.9-2020-q2-update.win32_2.0.0.202105311346/tools/bin/../lib/gcc/arm-none-eabi/9.3.1/../../../../arm-none-eabi/lib/thumb/v6-m/nofp\libc_nano.a(lib_a-memset.o)
 .ARM.attributes
                0x000000000000027b       0x1c c:/st/stm32cubeide_1.7.0/stm32cubeide/plugins/com.st.stm32cube.ide.mcu.externaltools.gnu-tools-for-stm32.9-2020-q2-update.win32_2.0.0.202105311346/tools/bin/../lib/gcc/arm-none-eabi/9.3.1/../../../../arm-none-eabi/lib/thumb/v6-m/nofp\libc_nano.a(lib_a-strlen.o)
 .ARM.attributes
                0x0000000000000297       0x1e c:/st/stm32cubeide_1.7.0/stm32cubeide/plugins/com.st.stm32cube.ide.mcu.externaltools.gnu-tools-for-stm32.9-2020-q2-update.win32_2.0.0.202105311346/tools/bin/../lib/gcc/arm-none-eabi/9.3.1/thumb/v6-m/nofp\libgcc.a(_udivsi3.o)
 .ARM.attributes
                0x00000000000002b5       0x1e c:/st/stm32cubeide_1.7.0/stm32cubeide/plugins/com.st.stm32cube.ide.mcu.externaltools.gnu-tools-for-stm32.9-2020-q2-update.win32_2.0.0.202105311346/tools/bin/../lib/gcc/arm-none-eabi/9.3.1/thumb/v6-m/nofp\libgcc.a(_dvmd_tls.o)
 .ARM.attributes
                0x00000000000002d3       0x1e c:/st/stm32cubeide_1.7.0/stm32cubeide/plugins/com.st.stm32cube.ide.mcu.externaltools.gnu-tools-for-stm32.9-2020-q2-update.win32_2.0.0.202105311346/tools/bin/../lib/gcc/arm-none-eabi/9.3.1/thumb/v6-m/nofp/crtn.o
OUTPUT(10_UART_01_STM32f0Discovery.elf elf32-littlearm)
LOAD linker stubs
LOAD c:/st/stm32cubeide_1.7.0/stm32cubeide/plugins/com.st.stm32cube.ide.mcu.externaltools.gnu-tools-for-stm32.9-2020-q2-update.win32_2.0.0.202105311346/tools/bin/../lib/gcc/arm-none-eabi/9.3.1/../../../../arm-none-eabi/lib/thumb/v6-m/nofp\libc.a
LOAD c:/st/stm32cubeide_1.7.0/stm32cubeide/plugins/com.st.stm32cube.ide.mcu.externaltools.gnu-tools-for-stm32.9-2020-q2-update.win32_2.0.0.202105311346/tools/bin/../lib/gcc/arm-none-eabi/9.3.1/../../../../arm-none-eabi/lib/thumb/v6-m/nofp\libm.a
LOAD c:/st/stm32cubeide_1.7.0/stm32cubeide/plugins/com.st.stm32cube.ide.mcu.externaltools.gnu-tools-for-stm32.9-2020-q2-update.win32_2.0.0.202105311346/tools/bin/../lib/gcc/arm-none-eabi/9.3.1/thumb/v6-m/nofp\libgcc.a

.debug_info     0x0000000000000000     0x82f0
 .debug_info    0x0000000000000000     0x14e2 ./Core/Src/main.o
 .debug_info    0x00000000000014e2      0x9cb ./Core/Src/stm32f0xx_hal_msp.o
 .debug_info    0x0000000000001ead      0x1b3 ./Core/Src/stm32f0xx_it.o
 .debug_info    0x0000000000002060      0x2c3 ./Core/Src/system_stm32f0xx.o
 .debug_info    0x0000000000002323       0x22 ./Core/Startup/startup_stm32f051r8tx.o
 .debug_info    0x0000000000002345      0x6ff ./Drivers/STM32F0xx_HAL_Driver/Src/stm32f0xx_hal.o
 .debug_info    0x0000000000002a44      0x7d6 ./Drivers/STM32F0xx_HAL_Driver/Src/stm32f0xx_hal_cortex.o
 .debug_info    0x000000000000321a      0x6e5 ./Drivers/STM32F0xx_HAL_Driver/Src/stm32f0xx_hal_gpio.o
 .debug_info    0x00000000000038ff      0x8a8 ./Drivers/STM32F0xx_HAL_Driver/Src/stm32f0xx_hal_rcc.o
 .debug_info    0x00000000000041a7      0x40f ./Drivers/STM32F0xx_HAL_Driver/Src/stm32f0xx_hal_rcc_ex.o
 .debug_info    0x00000000000045b6     0x3d3a ./Drivers/STM32F0xx_HAL_Driver/Src/stm32f0xx_hal_uart.o

.debug_abbrev   0x0000000000000000     0x13b5
 .debug_abbrev  0x0000000000000000      0x2a1 ./Core/Src/main.o
 .debug_abbrev  0x00000000000002a1      0x1ac ./Core/Src/stm32f0xx_hal_msp.o
 .debug_abbrev  0x000000000000044d       0xd2 ./Core/Src/stm32f0xx_it.o
 .debug_abbrev  0x000000000000051f      0x145 ./Core/Src/system_stm32f0xx.o
 .debug_abbrev  0x0000000000000664       0x12 ./Core/Startup/startup_stm32f051r8tx.o
 .debug_abbrev  0x0000000000000676      0x21e ./Drivers/STM32F0xx_HAL_Driver/Src/stm32f0xx_hal.o
 .debug_abbrev  0x0000000000000894      0x2a9 ./Drivers/STM32F0xx_HAL_Driver/Src/stm32f0xx_hal_cortex.o
 .debug_abbrev  0x0000000000000b3d      0x1e8 ./Drivers/STM32F0xx_HAL_Driver/Src/stm32f0xx_hal_gpio.o
 .debug_abbrev  0x0000000000000d25      0x23b ./Drivers/STM32F0xx_HAL_Driver/Src/stm32f0xx_hal_rcc.o
 .debug_abbrev  0x0000000000000f60      0x193 ./Drivers/STM32F0xx_HAL_Driver/Src/stm32f0xx_hal_rcc_ex.o
 .debug_abbrev  0x00000000000010f3      0x2c2 ./Drivers/STM32F0xx_HAL_Driver/Src/stm32f0xx_hal_uart.o

.debug_aranges  0x0000000000000000      0x5c0
 .debug_aranges
                0x0000000000000000       0x40 ./Core/Src/main.o
 .debug_aranges
                0x0000000000000040       0x30 ./Core/Src/stm32f0xx_hal_msp.o
 .debug_aranges
                0x0000000000000070       0x40 ./Core/Src/stm32f0xx_it.o
 .debug_aranges
                0x00000000000000b0       0x28 ./Core/Src/system_stm32f0xx.o
 .debug_aranges
                0x00000000000000d8       0x28 ./Core/Startup/startup_stm32f051r8tx.o
 .debug_aranges
                0x0000000000000100       0xd0 ./Drivers/STM32F0xx_HAL_Driver/Src/stm32f0xx_hal.o
 .debug_aranges
                0x00000000000001d0       0xc0 ./Drivers/STM32F0xx_HAL_Driver/Src/stm32f0xx_hal_cortex.o
 .debug_aranges
                0x0000000000000290       0x58 ./Drivers/STM32F0xx_HAL_Driver/Src/stm32f0xx_hal_gpio.o
 .debug_aranges
                0x00000000000002e8       0x80 ./Drivers/STM32F0xx_HAL_Driver/Src/stm32f0xx_hal_rcc.o
 .debug_aranges
                0x0000000000000368       0x30 ./Drivers/STM32F0xx_HAL_Driver/Src/stm32f0xx_hal_rcc_ex.o
 .debug_aranges
                0x0000000000000398      0x228 ./Drivers/STM32F0xx_HAL_Driver/Src/stm32f0xx_hal_uart.o

.debug_ranges   0x0000000000000000      0x548
 .debug_ranges  0x0000000000000000       0x30 ./Core/Src/main.o
 .debug_ranges  0x0000000000000030       0x20 ./Core/Src/stm32f0xx_hal_msp.o
 .debug_ranges  0x0000000000000050       0x30 ./Core/Src/stm32f0xx_it.o
 .debug_ranges  0x0000000000000080       0x18 ./Core/Src/system_stm32f0xx.o
 .debug_ranges  0x0000000000000098       0x20 ./Core/Startup/startup_stm32f051r8tx.o
 .debug_ranges  0x00000000000000b8       0xc0 ./Drivers/STM32F0xx_HAL_Driver/Src/stm32f0xx_hal.o
 .debug_ranges  0x0000000000000178       0xb0 ./Drivers/STM32F0xx_HAL_Driver/Src/stm32f0xx_hal_cortex.o
 .debug_ranges  0x0000000000000228       0x48 ./Drivers/STM32F0xx_HAL_Driver/Src/stm32f0xx_hal_gpio.o
 .debug_ranges  0x0000000000000270       0x70 ./Drivers/STM32F0xx_HAL_Driver/Src/stm32f0xx_hal_rcc.o
 .debug_ranges  0x00000000000002e0       0x20 ./Drivers/STM32F0xx_HAL_Driver/Src/stm32f0xx_hal_rcc_ex.o
 .debug_ranges  0x0000000000000300      0x248 ./Drivers/STM32F0xx_HAL_Driver/Src/stm32f0xx_hal_uart.o

.debug_macro    0x0000000000000000    0x1128a
 .debug_macro   0x0000000000000000      0x28b ./Core/Src/main.o
 .debug_macro   0x000000000000028b      0xa7e ./Core/Src/main.o
 .debug_macro   0x0000000000000d09      0x12d ./Core/Src/main.o
 .debug_macro   0x0000000000000e36       0x2e ./Core/Src/main.o
 .debug_macro   0x0000000000000e64       0x22 ./Core/Src/main.o
 .debug_macro   0x0000000000000e86       0x22 ./Core/Src/main.o
 .debug_macro   0x0000000000000ea8       0x8e ./Core/Src/main.o
 .debug_macro   0x0000000000000f36       0x51 ./Core/Src/main.o
 .debug_macro   0x0000000000000f87      0x103 ./Core/Src/main.o
 .debug_macro   0x000000000000108a       0x6a ./Core/Src/main.o
 .debug_macro   0x00000000000010f4      0x1df ./Core/Src/main.o
 .debug_macro   0x00000000000012d3       0x1c ./Core/Src/main.o
 .debug_macro   0x00000000000012ef       0x22 ./Core/Src/main.o
 .debug_macro   0x0000000000001311       0xb5 ./Core/Src/main.o
 .debug_macro   0x00000000000013c6      0x391 ./Core/Src/main.o
 .debug_macro   0x0000000000001757     0x8d00 ./Core/Src/main.o
 .debug_macro   0x000000000000a457       0x66 ./Core/Src/main.o
 .debug_macro   0x000000000000a4bd     0x34be ./Core/Src/main.o
 .debug_macro   0x000000000000d97b      0x174 ./Core/Src/main.o
 .debug_macro   0x000000000000daef       0x55 ./Core/Src/main.o
 .debug_macro   0x000000000000db44      0x924 ./Core/Src/main.o
 .debug_macro   0x000000000000e468      0x251 ./Core/Src/main.o
 .debug_macro   0x000000000000e6b9      0x1ae ./Core/Src/main.o
 .debug_macro   0x000000000000e867      0x114 ./Core/Src/main.o
 .debug_macro   0x000000000000e97b      0x1a0 ./Core/Src/main.o
 .debug_macro   0x000000000000eb1b      0x1ed ./Core/Src/main.o
 .debug_macro   0x000000000000ed08       0x34 ./Core/Src/main.o
 .debug_macro   0x000000000000ed3c       0x43 ./Core/Src/main.o
 .debug_macro   0x000000000000ed7f       0x28 ./Core/Src/main.o
 .debug_macro   0x000000000000eda7       0xb0 ./Core/Src/main.o
 .debug_macro   0x000000000000ee57      0x199 ./Core/Src/main.o
 .debug_macro   0x000000000000eff0      0x22c ./Core/Src/main.o
 .debug_macro   0x000000000000f21c       0x61 ./Core/Src/main.o
 .debug_macro   0x000000000000f27d       0xa5 ./Core/Src/main.o
 .debug_macro   0x000000000000f322       0x4c ./Core/Src/main.o
 .debug_macro   0x000000000000f36e      0x112 ./Core/Src/main.o
 .debug_macro   0x000000000000f480      0x5ba ./Core/Src/main.o
 .debug_macro   0x000000000000fa3a       0x3e ./Core/Src/main.o
 .debug_macro   0x000000000000fa78      0x114 ./Core/Src/main.o
 .debug_macro   0x000000000000fb8c       0x40 ./Core/Src/main.o
 .debug_macro   0x000000000000fbcc       0x52 ./Core/Src/main.o
 .debug_macro   0x000000000000fc1e       0x18 ./Core/Src/main.o
 .debug_macro   0x000000000000fc36       0x3c ./Core/Src/main.o
 .debug_macro   0x000000000000fc72       0x34 ./Core/Src/main.o
 .debug_macro   0x000000000000fca6       0x16 ./Core/Src/main.o
 .debug_macro   0x000000000000fcbc       0x43 ./Core/Src/main.o
 .debug_macro   0x000000000000fcff       0x34 ./Core/Src/main.o
 .debug_macro   0x000000000000fd33       0x10 ./Core/Src/main.o
 .debug_macro   0x000000000000fd43       0x58 ./Core/Src/main.o
 .debug_macro   0x000000000000fd9b       0x71 ./Core/Src/main.o
 .debug_macro   0x000000000000fe0c       0x1c ./Core/Src/main.o
 .debug_macro   0x000000000000fe28      0x12a ./Core/Src/main.o
 .debug_macro   0x000000000000ff52      0x333 ./Core/Src/main.o
 .debug_macro   0x0000000000010285       0x10 ./Core/Src/main.o
 .debug_macro   0x0000000000010295       0x35 ./Core/Src/main.o
 .debug_macro   0x00000000000102ca       0x20 ./Core/Src/main.o
 .debug_macro   0x00000000000102ea      0x1bd ./Core/Src/stm32f0xx_hal_msp.o
 .debug_macro   0x00000000000104a7      0x1c7 ./Core/Src/stm32f0xx_it.o
 .debug_macro   0x000000000001066e      0x1ae ./Core/Src/system_stm32f0xx.o
 .debug_macro   0x000000000001081c      0x1d2 ./Drivers/STM32F0xx_HAL_Driver/Src/stm32f0xx_hal.o
 .debug_macro   0x00000000000109ee      0x1ae ./Drivers/STM32F0xx_HAL_Driver/Src/stm32f0xx_hal_cortex.o
 .debug_macro   0x0000000000010b9c      0x1b5 ./Drivers/STM32F0xx_HAL_Driver/Src/stm32f0xx_hal_gpio.o
 .debug_macro   0x0000000000010d51      0x1c0 ./Drivers/STM32F0xx_HAL_Driver/Src/stm32f0xx_hal_rcc.o
 .debug_macro   0x0000000000010f11      0x1ae ./Drivers/STM32F0xx_HAL_Driver/Src/stm32f0xx_hal_rcc_ex.o
 .debug_macro   0x00000000000110bf      0x1cb ./Drivers/STM32F0xx_HAL_Driver/Src/stm32f0xx_hal_uart.o

.debug_line     0x0000000000000000     0x7e3a
 .debug_line    0x0000000000000000      0x932 ./Core/Src/main.o
 .debug_line    0x0000000000000932      0x6ff ./Core/Src/stm32f0xx_hal_msp.o
 .debug_line    0x0000000000001031      0x716 ./Core/Src/stm32f0xx_it.o
 .debug_line    0x0000000000001747      0x721 ./Core/Src/system_stm32f0xx.o
 .debug_line    0x0000000000001e68       0x89 ./Core/Startup/startup_stm32f051r8tx.o
 .debug_line    0x0000000000001ef1      0x92c ./Drivers/STM32F0xx_HAL_Driver/Src/stm32f0xx_hal.o
 .debug_line    0x000000000000281d      0x9d8 ./Drivers/STM32F0xx_HAL_Driver/Src/stm32f0xx_hal_cortex.o
 .debug_line    0x00000000000031f5      0xaa7 ./Drivers/STM32F0xx_HAL_Driver/Src/stm32f0xx_hal_gpio.o
 .debug_line    0x0000000000003c9c      0xd14 ./Drivers/STM32F0xx_HAL_Driver/Src/stm32f0xx_hal_rcc.o
 .debug_line    0x00000000000049b0      0x8d2 ./Drivers/STM32F0xx_HAL_Driver/Src/stm32f0xx_hal_rcc_ex.o
 .debug_line    0x0000000000005282     0x2bb8 ./Drivers/STM32F0xx_HAL_Driver/Src/stm32f0xx_hal_uart.o

.debug_str      0x0000000000000000    0x67ea7
 .debug_str     0x0000000000000000    0x66a33 ./Core/Src/main.o
                                      0x66db6 (size before relaxing)
 .debug_str     0x0000000000066a33       0x56 ./Core/Src/stm32f0xx_hal_msp.o
                                      0x63998 (size before relaxing)
 .debug_str     0x0000000000066a89       0x76 ./Core/Src/stm32f0xx_it.o
                                      0x634ce (size before relaxing)
 .debug_str     0x0000000000066aff       0x5f ./Core/Src/system_stm32f0xx.o
                                      0x63431 (size before relaxing)
 .debug_str     0x0000000000066b5e       0x36 ./Core/Startup/startup_stm32f051r8tx.o
                                         0x85 (size before relaxing)
 .debug_str     0x0000000000066b94      0x455 ./Drivers/STM32F0xx_HAL_Driver/Src/stm32f0xx_hal.o
                                      0x63972 (size before relaxing)
 .debug_str     0x0000000000066fe9      0x1f0 ./Drivers/STM32F0xx_HAL_Driver/Src/stm32f0xx_hal_cortex.o
                                      0x63826 (size before relaxing)
 .debug_str     0x00000000000671d9      0x151 ./Drivers/STM32F0xx_HAL_Driver/Src/stm32f0xx_hal_gpio.o
                                      0x63610 (size before relaxing)
 .debug_str     0x000000000006732a      0x240 ./Drivers/STM32F0xx_HAL_Driver/Src/stm32f0xx_hal_rcc.o
                                      0x6383b (size before relaxing)
 .debug_str     0x000000000006756a       0xb1 ./Drivers/STM32F0xx_HAL_Driver/Src/stm32f0xx_hal_rcc_ex.o
                                      0x6357f (size before relaxing)
 .debug_str     0x000000000006761b      0x88c ./Drivers/STM32F0xx_HAL_Driver/Src/stm32f0xx_hal_uart.o
                                      0x6412d (size before relaxing)

.comment        0x0000000000000000       0x53
 .comment       0x0000000000000000       0x53 ./Core/Src/main.o
                                         0x54 (size before relaxing)
 .comment       0x0000000000000053       0x54 ./Core/Src/stm32f0xx_hal_msp.o
 .comment       0x0000000000000053       0x54 ./Core/Src/stm32f0xx_it.o
 .comment       0x0000000000000053       0x54 ./Core/Src/system_stm32f0xx.o
 .comment       0x0000000000000053       0x54 ./Drivers/STM32F0xx_HAL_Driver/Src/stm32f0xx_hal.o
 .comment       0x0000000000000053       0x54 ./Drivers/STM32F0xx_HAL_Driver/Src/stm32f0xx_hal_cortex.o
 .comment       0x0000000000000053       0x54 ./Drivers/STM32F0xx_HAL_Driver/Src/stm32f0xx_hal_gpio.o
 .comment       0x0000000000000053       0x54 ./Drivers/STM32F0xx_HAL_Driver/Src/stm32f0xx_hal_rcc.o
 .comment       0x0000000000000053       0x54 ./Drivers/STM32F0xx_HAL_Driver/Src/stm32f0xx_hal_rcc_ex.o
 .comment       0x0000000000000053       0x54 ./Drivers/STM32F0xx_HAL_Driver/Src/stm32f0xx_hal_uart.o

.debug_frame    0x0000000000000000     0x1318
 .debug_frame   0x0000000000000000       0xa8 ./Core/Src/main.o
 .debug_frame   0x00000000000000a8       0x70 ./Core/Src/stm32f0xx_hal_msp.o
 .debug_frame   0x0000000000000118       0x9c ./Core/Src/stm32f0xx_it.o
 .debug_frame   0x00000000000001b4       0x4c ./Core/Src/system_stm32f0xx.o
 .debug_frame   0x0000000000000200      0x2a4 ./Drivers/STM32F0xx_HAL_Driver/Src/stm32f0xx_hal.o
 .debug_frame   0x00000000000004a4      0x2a0 ./Drivers/STM32F0xx_HAL_Driver/Src/stm32f0xx_hal_cortex.o
 .debug_frame   0x0000000000000744      0x110 ./Drivers/STM32F0xx_HAL_Driver/Src/stm32f0xx_hal_gpio.o
 .debug_frame   0x0000000000000854      0x198 ./Drivers/STM32F0xx_HAL_Driver/Src/stm32f0xx_hal_rcc.o
 .debug_frame   0x00000000000009ec       0x70 ./Drivers/STM32F0xx_HAL_Driver/Src/stm32f0xx_hal_rcc_ex.o
 .debug_frame   0x0000000000000a5c      0x850 ./Drivers/STM32F0xx_HAL_Driver/Src/stm32f0xx_hal_uart.o
 .debug_frame   0x00000000000012ac       0x2c c:/st/stm32cubeide_1.7.0/stm32cubeide/plugins/com.st.stm32cube.ide.mcu.externaltools.gnu-tools-for-stm32.9-2020-q2-update.win32_2.0.0.202105311346/tools/bin/../lib/gcc/arm-none-eabi/9.3.1/../../../../arm-none-eabi/lib/thumb/v6-m/nofp\libc_nano.a(lib_a-init.o)
 .debug_frame   0x00000000000012d8       0x20 c:/st/stm32cubeide_1.7.0/stm32cubeide/plugins/com.st.stm32cube.ide.mcu.externaltools.gnu-tools-for-stm32.9-2020-q2-update.win32_2.0.0.202105311346/tools/bin/../lib/gcc/arm-none-eabi/9.3.1/../../../../arm-none-eabi/lib/thumb/v6-m/nofp\libc_nano.a(lib_a-memset.o)
 .debug_frame   0x00000000000012f8       0x20 c:/st/stm32cubeide_1.7.0/stm32cubeide/plugins/com.st.stm32cube.ide.mcu.externaltools.gnu-tools-for-stm32.9-2020-q2-update.win32_2.0.0.202105311346/tools/bin/../lib/gcc/arm-none-eabi/9.3.1/thumb/v6-m/nofp\libgcc.a(_udivsi3.o)
