port.c:148:15:pxPortInitialiseStack	24	static
port.c:168:13:prvTaskExitError	16	static,ignoring_inline_asm
port.c:194:6:SVC_Handler	8	static
port.c:201:6:vPortStartFirstTask	0	static,ignoring_inline_asm
port.c:232:12:xPortStartScheduler	8	static
port.c:262:6:vPortEndScheduler	8	static,ignoring_inline_asm
port.c:270:6:vPortYield	8	static,ignoring_inline_asm
port.c:282:6:vPortEnterCritical	8	static,ignoring_inline_asm
port.c:291:6:vPortExitCritical	8	static,ignoring_inline_asm
port.c:303:10:ulSetInterruptMaskFromISR	0	static,ignoring_inline_asm
port.c:314:6:vClearInterruptMaskFromISR	0	static,ignoring_inline_asm
port.c:324:6:PendSV_Handler	0	static,ignoring_inline_asm
port.c:373:6:SysTick_Handler	16	static
port.c:394:32:vPortSetupTimerInterrupt	8	static
