12:30:47 **** Build of configuration Debug for project 07_1_RTOS_stm32l475 ****
make -j8 all 
arm-none-eabi-gcc "../ThirdParty/FreeRTOS/portable/MemMang/heap_4.c" -mcpu=cortex-m4 -std=gnu11 -g3 -DDEBUG -DUSE_HAL_DRIVER -DSTM32L475xx -c -I../Core/Inc -I"C:/Users/158184/STM32CubeIDE/workspace_1.7.0/07_RTOS_stm32l475/ThirdParty/FreeRTOS/portable" -I"C:/Users/158184/STM32CubeIDE/workspace_1.7.0/07_RTOS_stm32l475/ThirdParty/FreeRTOS/include" -I"C:/Users/158184/STM32CubeIDE/workspace_1.7.0/07_RTOS_stm32l475/ThirdParty/FreeRTOS" -I../Drivers/STM32L4xx_HAL_Driver/Inc -I../Drivers/STM32L4xx_HAL_Driver/Inc/Legacy -I"C:/Users/158184/STM32CubeIDE/workspace_1.7.0/07_RTOS_stm32l475/ThirdParty/FreeRTOS/portable/GCC/ARM_CM4F" -I../Drivers/CMSIS/Device/ST/STM32L4xx/Include -I../Drivers/CMSIS/Include -O0 -ffunction-sections -fdata-sections -Wall -fstack-usage -MMD -MP -MF"ThirdParty/FreeRTOS/portable/MemMang/heap_4.d" -MT"ThirdParty/FreeRTOS/portable/MemMang/heap_4.o" --specs=nano.specs -mfpu=fpv4-sp-d16 -mfloat-abi=hard -mthumb -o "ThirdParty/FreeRTOS/portable/MemMang/heap_4.o"
arm-none-eabi-gcc "../ThirdParty/FreeRTOS/portable/GCC/ARM_CM4F/port.c" -mcpu=cortex-m4 -std=gnu11 -g3 -DDEBUG -DUSE_HAL_DRIVER -DSTM32L475xx -c -I../Core/Inc -I"C:/Users/158184/STM32CubeIDE/workspace_1.7.0/07_RTOS_stm32l475/ThirdParty/FreeRTOS/portable" -I"C:/Users/158184/STM32CubeIDE/workspace_1.7.0/07_RTOS_stm32l475/ThirdParty/FreeRTOS/include" -I"C:/Users/158184/STM32CubeIDE/workspace_1.7.0/07_RTOS_stm32l475/ThirdParty/FreeRTOS" -I../Drivers/STM32L4xx_HAL_Driver/Inc -I../Drivers/STM32L4xx_HAL_Driver/Inc/Legacy -I"C:/Users/158184/STM32CubeIDE/workspace_1.7.0/07_RTOS_stm32l475/ThirdParty/FreeRTOS/portable/GCC/ARM_CM4F" -I../Drivers/CMSIS/Device/ST/STM32L4xx/Include -I../Drivers/CMSIS/Include -O0 -ffunction-sections -fdata-sections -Wall -fstack-usage -MMD -MP -MF"ThirdParty/FreeRTOS/portable/GCC/ARM_CM4F/port.d" -MT"ThirdParty/FreeRTOS/portable/GCC/ARM_CM4F/port.o" --specs=nano.specs -mfpu=fpv4-sp-d16 -mfloat-abi=hard -mthumb -o "ThirdParty/FreeRTOS/portable/GCC/ARM_CM4F/port.o"
arm-none-eabi-gcc "../ThirdParty/FreeRTOS/croutine.c" -mcpu=cortex-m4 -std=gnu11 -g3 -DDEBUG -DUSE_HAL_DRIVER -DSTM32L475xx -c -I../Core/Inc -I"C:/Users/158184/STM32CubeIDE/workspace_1.7.0/07_RTOS_stm32l475/ThirdParty/FreeRTOS/portable" -I"C:/Users/158184/STM32CubeIDE/workspace_1.7.0/07_RTOS_stm32l475/ThirdParty/FreeRTOS/include" -I"C:/Users/158184/STM32CubeIDE/workspace_1.7.0/07_RTOS_stm32l475/ThirdParty/FreeRTOS" -I../Drivers/STM32L4xx_HAL_Driver/Inc -I../Drivers/STM32L4xx_HAL_Driver/Inc/Legacy -I"C:/Users/158184/STM32CubeIDE/workspace_1.7.0/07_RTOS_stm32l475/ThirdParty/FreeRTOS/portable/GCC/ARM_CM4F" -I../Drivers/CMSIS/Device/ST/STM32L4xx/Include -I../Drivers/CMSIS/Include -O0 -ffunction-sections -fdata-sections -Wall -fstack-usage -MMD -MP -MF"ThirdParty/FreeRTOS/croutine.d" -MT"ThirdParty/FreeRTOS/croutine.o" --specs=nano.specs -mfpu=fpv4-sp-d16 -mfloat-abi=hard -mthumb -o "ThirdParty/FreeRTOS/croutine.o"
arm-none-eabi-gcc "../ThirdParty/FreeRTOS/event_groups.c" -mcpu=cortex-m4 -std=gnu11 -g3 -DDEBUG -DUSE_HAL_DRIVER -DSTM32L475xx -c -I../Core/Inc -I"C:/Users/158184/STM32CubeIDE/workspace_1.7.0/07_RTOS_stm32l475/ThirdParty/FreeRTOS/portable" -I"C:/Users/158184/STM32CubeIDE/workspace_1.7.0/07_RTOS_stm32l475/ThirdParty/FreeRTOS/include" -I"C:/Users/158184/STM32CubeIDE/workspace_1.7.0/07_RTOS_stm32l475/ThirdParty/FreeRTOS" -I../Drivers/STM32L4xx_HAL_Driver/Inc -I../Drivers/STM32L4xx_HAL_Driver/Inc/Legacy -I"C:/Users/158184/STM32CubeIDE/workspace_1.7.0/07_RTOS_stm32l475/ThirdParty/FreeRTOS/portable/GCC/ARM_CM4F" -I../Drivers/CMSIS/Device/ST/STM32L4xx/Include -I../Drivers/CMSIS/Include -O0 -ffunction-sections -fdata-sections -Wall -fstack-usage -MMD -MP -MF"ThirdParty/FreeRTOS/event_groups.d" -MT"ThirdParty/FreeRTOS/event_groups.o" --specs=nano.specs -mfpu=fpv4-sp-d16 -mfloat-abi=hard -mthumb -o "ThirdParty/FreeRTOS/event_groups.o"
arm-none-eabi-gcc "../ThirdParty/FreeRTOS/list.c" -mcpu=cortex-m4 -std=gnu11 -g3 -DDEBUG -DUSE_HAL_DRIVER -DSTM32L475xx -c -I../Core/Inc -I"C:/Users/158184/STM32CubeIDE/workspace_1.7.0/07_RTOS_stm32l475/ThirdParty/FreeRTOS/portable" -I"C:/Users/158184/STM32CubeIDE/workspace_1.7.0/07_RTOS_stm32l475/ThirdParty/FreeRTOS/include" -I"C:/Users/158184/STM32CubeIDE/workspace_1.7.0/07_RTOS_stm32l475/ThirdParty/FreeRTOS" -I../Drivers/STM32L4xx_HAL_Driver/Inc -I../Drivers/STM32L4xx_HAL_Driver/Inc/Legacy -I"C:/Users/158184/STM32CubeIDE/workspace_1.7.0/07_RTOS_stm32l475/ThirdParty/FreeRTOS/portable/GCC/ARM_CM4F" -I../Drivers/CMSIS/Device/ST/STM32L4xx/Include -I../Drivers/CMSIS/Include -O0 -ffunction-sections -fdata-sections -Wall -fstack-usage -MMD -MP -MF"ThirdParty/FreeRTOS/list.d" -MT"ThirdParty/FreeRTOS/list.o" --specs=nano.specs -mfpu=fpv4-sp-d16 -mfloat-abi=hard -mthumb -o "ThirdParty/FreeRTOS/list.o"
arm-none-eabi-gcc "../ThirdParty/FreeRTOS/queue.c" -mcpu=cortex-m4 -std=gnu11 -g3 -DDEBUG -DUSE_HAL_DRIVER -DSTM32L475xx -c -I../Core/Inc -I"C:/Users/158184/STM32CubeIDE/workspace_1.7.0/07_RTOS_stm32l475/ThirdParty/FreeRTOS/portable" -I"C:/Users/158184/STM32CubeIDE/workspace_1.7.0/07_RTOS_stm32l475/ThirdParty/FreeRTOS/include" -I"C:/Users/158184/STM32CubeIDE/workspace_1.7.0/07_RTOS_stm32l475/ThirdParty/FreeRTOS" -I../Drivers/STM32L4xx_HAL_Driver/Inc -I../Drivers/STM32L4xx_HAL_Driver/Inc/Legacy -I"C:/Users/158184/STM32CubeIDE/workspace_1.7.0/07_RTOS_stm32l475/ThirdParty/FreeRTOS/portable/GCC/ARM_CM4F" -I../Drivers/CMSIS/Device/ST/STM32L4xx/Include -I../Drivers/CMSIS/Include -O0 -ffunction-sections -fdata-sections -Wall -fstack-usage -MMD -MP -MF"ThirdParty/FreeRTOS/queue.d" -MT"ThirdParty/FreeRTOS/queue.o" --specs=nano.specs -mfpu=fpv4-sp-d16 -mfloat-abi=hard -mthumb -o "ThirdParty/FreeRTOS/queue.o"
arm-none-eabi-gcc "../ThirdParty/FreeRTOS/stream_buffer.c" -mcpu=cortex-m4 -std=gnu11 -g3 -DDEBUG -DUSE_HAL_DRIVER -DSTM32L475xx -c -I../Core/Inc -I"C:/Users/158184/STM32CubeIDE/workspace_1.7.0/07_RTOS_stm32l475/ThirdParty/FreeRTOS/portable" -I"C:/Users/158184/STM32CubeIDE/workspace_1.7.0/07_RTOS_stm32l475/ThirdParty/FreeRTOS/include" -I"C:/Users/158184/STM32CubeIDE/workspace_1.7.0/07_RTOS_stm32l475/ThirdParty/FreeRTOS" -I../Drivers/STM32L4xx_HAL_Driver/Inc -I../Drivers/STM32L4xx_HAL_Driver/Inc/Legacy -I"C:/Users/158184/STM32CubeIDE/workspace_1.7.0/07_RTOS_stm32l475/ThirdParty/FreeRTOS/portable/GCC/ARM_CM4F" -I../Drivers/CMSIS/Device/ST/STM32L4xx/Include -I../Drivers/CMSIS/Include -O0 -ffunction-sections -fdata-sections -Wall -fstack-usage -MMD -MP -MF"ThirdParty/FreeRTOS/stream_buffer.d" -MT"ThirdParty/FreeRTOS/stream_buffer.o" --specs=nano.specs -mfpu=fpv4-sp-d16 -mfloat-abi=hard -mthumb -o "ThirdParty/FreeRTOS/stream_buffer.o"
arm-none-eabi-gcc "../ThirdParty/FreeRTOS/tasks.c" -mcpu=cortex-m4 -std=gnu11 -g3 -DDEBUG -DUSE_HAL_DRIVER -DSTM32L475xx -c -I../Core/Inc -I"C:/Users/158184/STM32CubeIDE/workspace_1.7.0/07_RTOS_stm32l475/ThirdParty/FreeRTOS/portable" -I"C:/Users/158184/STM32CubeIDE/workspace_1.7.0/07_RTOS_stm32l475/ThirdParty/FreeRTOS/include" -I"C:/Users/158184/STM32CubeIDE/workspace_1.7.0/07_RTOS_stm32l475/ThirdParty/FreeRTOS" -I../Drivers/STM32L4xx_HAL_Driver/Inc -I../Drivers/STM32L4xx_HAL_Driver/Inc/Legacy -I"C:/Users/158184/STM32CubeIDE/workspace_1.7.0/07_RTOS_stm32l475/ThirdParty/FreeRTOS/portable/GCC/ARM_CM4F" -I../Drivers/CMSIS/Device/ST/STM32L4xx/Include -I../Drivers/CMSIS/Include -O0 -ffunction-sections -fdata-sections -Wall -fstack-usage -MMD -MP -MF"ThirdParty/FreeRTOS/tasks.d" -MT"ThirdParty/FreeRTOS/tasks.o" --specs=nano.specs -mfpu=fpv4-sp-d16 -mfloat-abi=hard -mthumb -o "ThirdParty/FreeRTOS/tasks.o"
arm-none-eabi-gcc "../ThirdParty/FreeRTOS/timers.c" -mcpu=cortex-m4 -std=gnu11 -g3 -DDEBUG -DUSE_HAL_DRIVER -DSTM32L475xx -c -I../Core/Inc -I"C:/Users/158184/STM32CubeIDE/workspace_1.7.0/07_RTOS_stm32l475/ThirdParty/FreeRTOS/portable" -I"C:/Users/158184/STM32CubeIDE/workspace_1.7.0/07_RTOS_stm32l475/ThirdParty/FreeRTOS/include" -I"C:/Users/158184/STM32CubeIDE/workspace_1.7.0/07_RTOS_stm32l475/ThirdParty/FreeRTOS" -I../Drivers/STM32L4xx_HAL_Driver/Inc -I../Drivers/STM32L4xx_HAL_Driver/Inc/Legacy -I"C:/Users/158184/STM32CubeIDE/workspace_1.7.0/07_RTOS_stm32l475/ThirdParty/FreeRTOS/portable/GCC/ARM_CM4F" -I../Drivers/CMSIS/Device/ST/STM32L4xx/Include -I../Drivers/CMSIS/Include -O0 -ffunction-sections -fdata-sections -Wall -fstack-usage -MMD -MP -MF"ThirdParty/FreeRTOS/timers.d" -MT"ThirdParty/FreeRTOS/timers.o" --specs=nano.specs -mfpu=fpv4-sp-d16 -mfloat-abi=hard -mthumb -o "ThirdParty/FreeRTOS/timers.o"
arm-none-eabi-gcc "../Drivers/STM32L4xx_HAL_Driver/Src/stm32l4xx_hal.c" -mcpu=cortex-m4 -std=gnu11 -g3 -DDEBUG -DUSE_HAL_DRIVER -DSTM32L475xx -c -I../Core/Inc -I"C:/Users/158184/STM32CubeIDE/workspace_1.7.0/07_RTOS_stm32l475/ThirdParty/FreeRTOS/portable" -I"C:/Users/158184/STM32CubeIDE/workspace_1.7.0/07_RTOS_stm32l475/ThirdParty/FreeRTOS/include" -I"C:/Users/158184/STM32CubeIDE/workspace_1.7.0/07_RTOS_stm32l475/ThirdParty/FreeRTOS" -I../Drivers/STM32L4xx_HAL_Driver/Inc -I../Drivers/STM32L4xx_HAL_Driver/Inc/Legacy -I"C:/Users/158184/STM32CubeIDE/workspace_1.7.0/07_RTOS_stm32l475/ThirdParty/FreeRTOS/portable/GCC/ARM_CM4F" -I../Drivers/CMSIS/Device/ST/STM32L4xx/Include -I../Drivers/CMSIS/Include -O0 -ffunction-sections -fdata-sections -Wall -fstack-usage -MMD -MP -MF"Drivers/STM32L4xx_HAL_Driver/Src/stm32l4xx_hal.d" -MT"Drivers/STM32L4xx_HAL_Driver/Src/stm32l4xx_hal.o" --specs=nano.specs -mfpu=fpv4-sp-d16 -mfloat-abi=hard -mthumb -o "Drivers/STM32L4xx_HAL_Driver/Src/stm32l4xx_hal.o"
arm-none-eabi-gcc "../Drivers/STM32L4xx_HAL_Driver/Src/stm32l4xx_hal_cortex.c" -mcpu=cortex-m4 -std=gnu11 -g3 -DDEBUG -DUSE_HAL_DRIVER -DSTM32L475xx -c -I../Core/Inc -I"C:/Users/158184/STM32CubeIDE/workspace_1.7.0/07_RTOS_stm32l475/ThirdParty/FreeRTOS/portable" -I"C:/Users/158184/STM32CubeIDE/workspace_1.7.0/07_RTOS_stm32l475/ThirdParty/FreeRTOS/include" -I"C:/Users/158184/STM32CubeIDE/workspace_1.7.0/07_RTOS_stm32l475/ThirdParty/FreeRTOS" -I../Drivers/STM32L4xx_HAL_Driver/Inc -I../Drivers/STM32L4xx_HAL_Driver/Inc/Legacy -I"C:/Users/158184/STM32CubeIDE/workspace_1.7.0/07_RTOS_stm32l475/ThirdParty/FreeRTOS/portable/GCC/ARM_CM4F" -I../Drivers/CMSIS/Device/ST/STM32L4xx/Include -I../Drivers/CMSIS/Include -O0 -ffunction-sections -fdata-sections -Wall -fstack-usage -MMD -MP -MF"Drivers/STM32L4xx_HAL_Driver/Src/stm32l4xx_hal_cortex.d" -MT"Drivers/STM32L4xx_HAL_Driver/Src/stm32l4xx_hal_cortex.o" --specs=nano.specs -mfpu=fpv4-sp-d16 -mfloat-abi=hard -mthumb -o "Drivers/STM32L4xx_HAL_Driver/Src/stm32l4xx_hal_cortex.o"
arm-none-eabi-gcc "../Drivers/STM32L4xx_HAL_Driver/Src/stm32l4xx_hal_dma.c" -mcpu=cortex-m4 -std=gnu11 -g3 -DDEBUG -DUSE_HAL_DRIVER -DSTM32L475xx -c -I../Core/Inc -I"C:/Users/158184/STM32CubeIDE/workspace_1.7.0/07_RTOS_stm32l475/ThirdParty/FreeRTOS/portable" -I"C:/Users/158184/STM32CubeIDE/workspace_1.7.0/07_RTOS_stm32l475/ThirdParty/FreeRTOS/include" -I"C:/Users/158184/STM32CubeIDE/workspace_1.7.0/07_RTOS_stm32l475/ThirdParty/FreeRTOS" -I../Drivers/STM32L4xx_HAL_Driver/Inc -I../Drivers/STM32L4xx_HAL_Driver/Inc/Legacy -I"C:/Users/158184/STM32CubeIDE/workspace_1.7.0/07_RTOS_stm32l475/ThirdParty/FreeRTOS/portable/GCC/ARM_CM4F" -I../Drivers/CMSIS/Device/ST/STM32L4xx/Include -I../Drivers/CMSIS/Include -O0 -ffunction-sections -fdata-sections -Wall -fstack-usage -MMD -MP -MF"Drivers/STM32L4xx_HAL_Driver/Src/stm32l4xx_hal_dma.d" -MT"Drivers/STM32L4xx_HAL_Driver/Src/stm32l4xx_hal_dma.o" --specs=nano.specs -mfpu=fpv4-sp-d16 -mfloat-abi=hard -mthumb -o "Drivers/STM32L4xx_HAL_Driver/Src/stm32l4xx_hal_dma.o"
arm-none-eabi-gcc "../Drivers/STM32L4xx_HAL_Driver/Src/stm32l4xx_hal_dma_ex.c" -mcpu=cortex-m4 -std=gnu11 -g3 -DDEBUG -DUSE_HAL_DRIVER -DSTM32L475xx -c -I../Core/Inc -I"C:/Users/158184/STM32CubeIDE/workspace_1.7.0/07_RTOS_stm32l475/ThirdParty/FreeRTOS/portable" -I"C:/Users/158184/STM32CubeIDE/workspace_1.7.0/07_RTOS_stm32l475/ThirdParty/FreeRTOS/include" -I"C:/Users/158184/STM32CubeIDE/workspace_1.7.0/07_RTOS_stm32l475/ThirdParty/FreeRTOS" -I../Drivers/STM32L4xx_HAL_Driver/Inc -I../Drivers/STM32L4xx_HAL_Driver/Inc/Legacy -I"C:/Users/158184/STM32CubeIDE/workspace_1.7.0/07_RTOS_stm32l475/ThirdParty/FreeRTOS/portable/GCC/ARM_CM4F" -I../Drivers/CMSIS/Device/ST/STM32L4xx/Include -I../Drivers/CMSIS/Include -O0 -ffunction-sections -fdata-sections -Wall -fstack-usage -MMD -MP -MF"Drivers/STM32L4xx_HAL_Driver/Src/stm32l4xx_hal_dma_ex.d" -MT"Drivers/STM32L4xx_HAL_Driver/Src/stm32l4xx_hal_dma_ex.o" --specs=nano.specs -mfpu=fpv4-sp-d16 -mfloat-abi=hard -mthumb -o "Drivers/STM32L4xx_HAL_Driver/Src/stm32l4xx_hal_dma_ex.o"
arm-none-eabi-gcc "../Drivers/STM32L4xx_HAL_Driver/Src/stm32l4xx_hal_exti.c" -mcpu=cortex-m4 -std=gnu11 -g3 -DDEBUG -DUSE_HAL_DRIVER -DSTM32L475xx -c -I../Core/Inc -I"C:/Users/158184/STM32CubeIDE/workspace_1.7.0/07_RTOS_stm32l475/ThirdParty/FreeRTOS/portable" -I"C:/Users/158184/STM32CubeIDE/workspace_1.7.0/07_RTOS_stm32l475/ThirdParty/FreeRTOS/include" -I"C:/Users/158184/STM32CubeIDE/workspace_1.7.0/07_RTOS_stm32l475/ThirdParty/FreeRTOS" -I../Drivers/STM32L4xx_HAL_Driver/Inc -I../Drivers/STM32L4xx_HAL_Driver/Inc/Legacy -I"C:/Users/158184/STM32CubeIDE/workspace_1.7.0/07_RTOS_stm32l475/ThirdParty/FreeRTOS/portable/GCC/ARM_CM4F" -I../Drivers/CMSIS/Device/ST/STM32L4xx/Include -I../Drivers/CMSIS/Include -O0 -ffunction-sections -fdata-sections -Wall -fstack-usage -MMD -MP -MF"Drivers/STM32L4xx_HAL_Driver/Src/stm32l4xx_hal_exti.d" -MT"Drivers/STM32L4xx_HAL_Driver/Src/stm32l4xx_hal_exti.o" --specs=nano.specs -mfpu=fpv4-sp-d16 -mfloat-abi=hard -mthumb -o "Drivers/STM32L4xx_HAL_Driver/Src/stm32l4xx_hal_exti.o"
arm-none-eabi-gcc "../Drivers/STM32L4xx_HAL_Driver/Src/stm32l4xx_hal_flash.c" -mcpu=cortex-m4 -std=gnu11 -g3 -DDEBUG -DUSE_HAL_DRIVER -DSTM32L475xx -c -I../Core/Inc -I"C:/Users/158184/STM32CubeIDE/workspace_1.7.0/07_RTOS_stm32l475/ThirdParty/FreeRTOS/portable" -I"C:/Users/158184/STM32CubeIDE/workspace_1.7.0/07_RTOS_stm32l475/ThirdParty/FreeRTOS/include" -I"C:/Users/158184/STM32CubeIDE/workspace_1.7.0/07_RTOS_stm32l475/ThirdParty/FreeRTOS" -I../Drivers/STM32L4xx_HAL_Driver/Inc -I../Drivers/STM32L4xx_HAL_Driver/Inc/Legacy -I"C:/Users/158184/STM32CubeIDE/workspace_1.7.0/07_RTOS_stm32l475/ThirdParty/FreeRTOS/portable/GCC/ARM_CM4F" -I../Drivers/CMSIS/Device/ST/STM32L4xx/Include -I../Drivers/CMSIS/Include -O0 -ffunction-sections -fdata-sections -Wall -fstack-usage -MMD -MP -MF"Drivers/STM32L4xx_HAL_Driver/Src/stm32l4xx_hal_flash.d" -MT"Drivers/STM32L4xx_HAL_Driver/Src/stm32l4xx_hal_flash.o" --specs=nano.specs -mfpu=fpv4-sp-d16 -mfloat-abi=hard -mthumb -o "Drivers/STM32L4xx_HAL_Driver/Src/stm32l4xx_hal_flash.o"
arm-none-eabi-gcc "../Drivers/STM32L4xx_HAL_Driver/Src/stm32l4xx_hal_flash_ex.c" -mcpu=cortex-m4 -std=gnu11 -g3 -DDEBUG -DUSE_HAL_DRIVER -DSTM32L475xx -c -I../Core/Inc -I"C:/Users/158184/STM32CubeIDE/workspace_1.7.0/07_RTOS_stm32l475/ThirdParty/FreeRTOS/portable" -I"C:/Users/158184/STM32CubeIDE/workspace_1.7.0/07_RTOS_stm32l475/ThirdParty/FreeRTOS/include" -I"C:/Users/158184/STM32CubeIDE/workspace_1.7.0/07_RTOS_stm32l475/ThirdParty/FreeRTOS" -I../Drivers/STM32L4xx_HAL_Driver/Inc -I../Drivers/STM32L4xx_HAL_Driver/Inc/Legacy -I"C:/Users/158184/STM32CubeIDE/workspace_1.7.0/07_RTOS_stm32l475/ThirdParty/FreeRTOS/portable/GCC/ARM_CM4F" -I../Drivers/CMSIS/Device/ST/STM32L4xx/Include -I../Drivers/CMSIS/Include -O0 -ffunction-sections -fdata-sections -Wall -fstack-usage -MMD -MP -MF"Drivers/STM32L4xx_HAL_Driver/Src/stm32l4xx_hal_flash_ex.d" -MT"Drivers/STM32L4xx_HAL_Driver/Src/stm32l4xx_hal_flash_ex.o" --specs=nano.specs -mfpu=fpv4-sp-d16 -mfloat-abi=hard -mthumb -o "Drivers/STM32L4xx_HAL_Driver/Src/stm32l4xx_hal_flash_ex.o"
arm-none-eabi-gcc "../Drivers/STM32L4xx_HAL_Driver/Src/stm32l4xx_hal_flash_ramfunc.c" -mcpu=cortex-m4 -std=gnu11 -g3 -DDEBUG -DUSE_HAL_DRIVER -DSTM32L475xx -c -I../Core/Inc -I"C:/Users/158184/STM32CubeIDE/workspace_1.7.0/07_RTOS_stm32l475/ThirdParty/FreeRTOS/portable" -I"C:/Users/158184/STM32CubeIDE/workspace_1.7.0/07_RTOS_stm32l475/ThirdParty/FreeRTOS/include" -I"C:/Users/158184/STM32CubeIDE/workspace_1.7.0/07_RTOS_stm32l475/ThirdParty/FreeRTOS" -I../Drivers/STM32L4xx_HAL_Driver/Inc -I../Drivers/STM32L4xx_HAL_Driver/Inc/Legacy -I"C:/Users/158184/STM32CubeIDE/workspace_1.7.0/07_RTOS_stm32l475/ThirdParty/FreeRTOS/portable/GCC/ARM_CM4F" -I../Drivers/CMSIS/Device/ST/STM32L4xx/Include -I../Drivers/CMSIS/Include -O0 -ffunction-sections -fdata-sections -Wall -fstack-usage -MMD -MP -MF"Drivers/STM32L4xx_HAL_Driver/Src/stm32l4xx_hal_flash_ramfunc.d" -MT"Drivers/STM32L4xx_HAL_Driver/Src/stm32l4xx_hal_flash_ramfunc.o" --specs=nano.specs -mfpu=fpv4-sp-d16 -mfloat-abi=hard -mthumb -o "Drivers/STM32L4xx_HAL_Driver/Src/stm32l4xx_hal_flash_ramfunc.o"
arm-none-eabi-gcc "../Drivers/STM32L4xx_HAL_Driver/Src/stm32l4xx_hal_gpio.c" -mcpu=cortex-m4 -std=gnu11 -g3 -DDEBUG -DUSE_HAL_DRIVER -DSTM32L475xx -c -I../Core/Inc -I"C:/Users/158184/STM32CubeIDE/workspace_1.7.0/07_RTOS_stm32l475/ThirdParty/FreeRTOS/portable" -I"C:/Users/158184/STM32CubeIDE/workspace_1.7.0/07_RTOS_stm32l475/ThirdParty/FreeRTOS/include" -I"C:/Users/158184/STM32CubeIDE/workspace_1.7.0/07_RTOS_stm32l475/ThirdParty/FreeRTOS" -I../Drivers/STM32L4xx_HAL_Driver/Inc -I../Drivers/STM32L4xx_HAL_Driver/Inc/Legacy -I"C:/Users/158184/STM32CubeIDE/workspace_1.7.0/07_RTOS_stm32l475/ThirdParty/FreeRTOS/portable/GCC/ARM_CM4F" -I../Drivers/CMSIS/Device/ST/STM32L4xx/Include -I../Drivers/CMSIS/Include -O0 -ffunction-sections -fdata-sections -Wall -fstack-usage -MMD -MP -MF"Drivers/STM32L4xx_HAL_Driver/Src/stm32l4xx_hal_gpio.d" -MT"Drivers/STM32L4xx_HAL_Driver/Src/stm32l4xx_hal_gpio.o" --specs=nano.specs -mfpu=fpv4-sp-d16 -mfloat-abi=hard -mthumb -o "Drivers/STM32L4xx_HAL_Driver/Src/stm32l4xx_hal_gpio.o"
arm-none-eabi-gcc "../Drivers/STM32L4xx_HAL_Driver/Src/stm32l4xx_hal_i2c.c" -mcpu=cortex-m4 -std=gnu11 -g3 -DDEBUG -DUSE_HAL_DRIVER -DSTM32L475xx -c -I../Core/Inc -I"C:/Users/158184/STM32CubeIDE/workspace_1.7.0/07_RTOS_stm32l475/ThirdParty/FreeRTOS/portable" -I"C:/Users/158184/STM32CubeIDE/workspace_1.7.0/07_RTOS_stm32l475/ThirdParty/FreeRTOS/include" -I"C:/Users/158184/STM32CubeIDE/workspace_1.7.0/07_RTOS_stm32l475/ThirdParty/FreeRTOS" -I../Drivers/STM32L4xx_HAL_Driver/Inc -I../Drivers/STM32L4xx_HAL_Driver/Inc/Legacy -I"C:/Users/158184/STM32CubeIDE/workspace_1.7.0/07_RTOS_stm32l475/ThirdParty/FreeRTOS/portable/GCC/ARM_CM4F" -I../Drivers/CMSIS/Device/ST/STM32L4xx/Include -I../Drivers/CMSIS/Include -O0 -ffunction-sections -fdata-sections -Wall -fstack-usage -MMD -MP -MF"Drivers/STM32L4xx_HAL_Driver/Src/stm32l4xx_hal_i2c.d" -MT"Drivers/STM32L4xx_HAL_Driver/Src/stm32l4xx_hal_i2c.o" --specs=nano.specs -mfpu=fpv4-sp-d16 -mfloat-abi=hard -mthumb -o "Drivers/STM32L4xx_HAL_Driver/Src/stm32l4xx_hal_i2c.o"
arm-none-eabi-gcc "../Drivers/STM32L4xx_HAL_Driver/Src/stm32l4xx_hal_i2c_ex.c" -mcpu=cortex-m4 -std=gnu11 -g3 -DDEBUG -DUSE_HAL_DRIVER -DSTM32L475xx -c -I../Core/Inc -I"C:/Users/158184/STM32CubeIDE/workspace_1.7.0/07_RTOS_stm32l475/ThirdParty/FreeRTOS/portable" -I"C:/Users/158184/STM32CubeIDE/workspace_1.7.0/07_RTOS_stm32l475/ThirdParty/FreeRTOS/include" -I"C:/Users/158184/STM32CubeIDE/workspace_1.7.0/07_RTOS_stm32l475/ThirdParty/FreeRTOS" -I../Drivers/STM32L4xx_HAL_Driver/Inc -I../Drivers/STM32L4xx_HAL_Driver/Inc/Legacy -I"C:/Users/158184/STM32CubeIDE/workspace_1.7.0/07_RTOS_stm32l475/ThirdParty/FreeRTOS/portable/GCC/ARM_CM4F" -I../Drivers/CMSIS/Device/ST/STM32L4xx/Include -I../Drivers/CMSIS/Include -O0 -ffunction-sections -fdata-sections -Wall -fstack-usage -MMD -MP -MF"Drivers/STM32L4xx_HAL_Driver/Src/stm32l4xx_hal_i2c_ex.d" -MT"Drivers/STM32L4xx_HAL_Driver/Src/stm32l4xx_hal_i2c_ex.o" --specs=nano.specs -mfpu=fpv4-sp-d16 -mfloat-abi=hard -mthumb -o "Drivers/STM32L4xx_HAL_Driver/Src/stm32l4xx_hal_i2c_ex.o"
arm-none-eabi-gcc "../Drivers/STM32L4xx_HAL_Driver/Src/stm32l4xx_hal_pwr.c" -mcpu=cortex-m4 -std=gnu11 -g3 -DDEBUG -DUSE_HAL_DRIVER -DSTM32L475xx -c -I../Core/Inc -I"C:/Users/158184/STM32CubeIDE/workspace_1.7.0/07_RTOS_stm32l475/ThirdParty/FreeRTOS/portable" -I"C:/Users/158184/STM32CubeIDE/workspace_1.7.0/07_RTOS_stm32l475/ThirdParty/FreeRTOS/include" -I"C:/Users/158184/STM32CubeIDE/workspace_1.7.0/07_RTOS_stm32l475/ThirdParty/FreeRTOS" -I../Drivers/STM32L4xx_HAL_Driver/Inc -I../Drivers/STM32L4xx_HAL_Driver/Inc/Legacy -I"C:/Users/158184/STM32CubeIDE/workspace_1.7.0/07_RTOS_stm32l475/ThirdParty/FreeRTOS/portable/GCC/ARM_CM4F" -I../Drivers/CMSIS/Device/ST/STM32L4xx/Include -I../Drivers/CMSIS/Include -O0 -ffunction-sections -fdata-sections -Wall -fstack-usage -MMD -MP -MF"Drivers/STM32L4xx_HAL_Driver/Src/stm32l4xx_hal_pwr.d" -MT"Drivers/STM32L4xx_HAL_Driver/Src/stm32l4xx_hal_pwr.o" --specs=nano.specs -mfpu=fpv4-sp-d16 -mfloat-abi=hard -mthumb -o "Drivers/STM32L4xx_HAL_Driver/Src/stm32l4xx_hal_pwr.o"
arm-none-eabi-gcc "../Drivers/STM32L4xx_HAL_Driver/Src/stm32l4xx_hal_pwr_ex.c" -mcpu=cortex-m4 -std=gnu11 -g3 -DDEBUG -DUSE_HAL_DRIVER -DSTM32L475xx -c -I../Core/Inc -I"C:/Users/158184/STM32CubeIDE/workspace_1.7.0/07_RTOS_stm32l475/ThirdParty/FreeRTOS/portable" -I"C:/Users/158184/STM32CubeIDE/workspace_1.7.0/07_RTOS_stm32l475/ThirdParty/FreeRTOS/include" -I"C:/Users/158184/STM32CubeIDE/workspace_1.7.0/07_RTOS_stm32l475/ThirdParty/FreeRTOS" -I../Drivers/STM32L4xx_HAL_Driver/Inc -I../Drivers/STM32L4xx_HAL_Driver/Inc/Legacy -I"C:/Users/158184/STM32CubeIDE/workspace_1.7.0/07_RTOS_stm32l475/ThirdParty/FreeRTOS/portable/GCC/ARM_CM4F" -I../Drivers/CMSIS/Device/ST/STM32L4xx/Include -I../Drivers/CMSIS/Include -O0 -ffunction-sections -fdata-sections -Wall -fstack-usage -MMD -MP -MF"Drivers/STM32L4xx_HAL_Driver/Src/stm32l4xx_hal_pwr_ex.d" -MT"Drivers/STM32L4xx_HAL_Driver/Src/stm32l4xx_hal_pwr_ex.o" --specs=nano.specs -mfpu=fpv4-sp-d16 -mfloat-abi=hard -mthumb -o "Drivers/STM32L4xx_HAL_Driver/Src/stm32l4xx_hal_pwr_ex.o"
arm-none-eabi-gcc "../Drivers/STM32L4xx_HAL_Driver/Src/stm32l4xx_hal_rcc.c" -mcpu=cortex-m4 -std=gnu11 -g3 -DDEBUG -DUSE_HAL_DRIVER -DSTM32L475xx -c -I../Core/Inc -I"C:/Users/158184/STM32CubeIDE/workspace_1.7.0/07_RTOS_stm32l475/ThirdParty/FreeRTOS/portable" -I"C:/Users/158184/STM32CubeIDE/workspace_1.7.0/07_RTOS_stm32l475/ThirdParty/FreeRTOS/include" -I"C:/Users/158184/STM32CubeIDE/workspace_1.7.0/07_RTOS_stm32l475/ThirdParty/FreeRTOS" -I../Drivers/STM32L4xx_HAL_Driver/Inc -I../Drivers/STM32L4xx_HAL_Driver/Inc/Legacy -I"C:/Users/158184/STM32CubeIDE/workspace_1.7.0/07_RTOS_stm32l475/ThirdParty/FreeRTOS/portable/GCC/ARM_CM4F" -I../Drivers/CMSIS/Device/ST/STM32L4xx/Include -I../Drivers/CMSIS/Include -O0 -ffunction-sections -fdata-sections -Wall -fstack-usage -MMD -MP -MF"Drivers/STM32L4xx_HAL_Driver/Src/stm32l4xx_hal_rcc.d" -MT"Drivers/STM32L4xx_HAL_Driver/Src/stm32l4xx_hal_rcc.o" --specs=nano.specs -mfpu=fpv4-sp-d16 -mfloat-abi=hard -mthumb -o "Drivers/STM32L4xx_HAL_Driver/Src/stm32l4xx_hal_rcc.o"
arm-none-eabi-gcc "../Drivers/STM32L4xx_HAL_Driver/Src/stm32l4xx_hal_rcc_ex.c" -mcpu=cortex-m4 -std=gnu11 -g3 -DDEBUG -DUSE_HAL_DRIVER -DSTM32L475xx -c -I../Core/Inc -I"C:/Users/158184/STM32CubeIDE/workspace_1.7.0/07_RTOS_stm32l475/ThirdParty/FreeRTOS/portable" -I"C:/Users/158184/STM32CubeIDE/workspace_1.7.0/07_RTOS_stm32l475/ThirdParty/FreeRTOS/include" -I"C:/Users/158184/STM32CubeIDE/workspace_1.7.0/07_RTOS_stm32l475/ThirdParty/FreeRTOS" -I../Drivers/STM32L4xx_HAL_Driver/Inc -I../Drivers/STM32L4xx_HAL_Driver/Inc/Legacy -I"C:/Users/158184/STM32CubeIDE/workspace_1.7.0/07_RTOS_stm32l475/ThirdParty/FreeRTOS/portable/GCC/ARM_CM4F" -I../Drivers/CMSIS/Device/ST/STM32L4xx/Include -I../Drivers/CMSIS/Include -O0 -ffunction-sections -fdata-sections -Wall -fstack-usage -MMD -MP -MF"Drivers/STM32L4xx_HAL_Driver/Src/stm32l4xx_hal_rcc_ex.d" -MT"Drivers/STM32L4xx_HAL_Driver/Src/stm32l4xx_hal_rcc_ex.o" --specs=nano.specs -mfpu=fpv4-sp-d16 -mfloat-abi=hard -mthumb -o "Drivers/STM32L4xx_HAL_Driver/Src/stm32l4xx_hal_rcc_ex.o"
arm-none-eabi-gcc "../Drivers/STM32L4xx_HAL_Driver/Src/stm32l4xx_hal_tim.c" -mcpu=cortex-m4 -std=gnu11 -g3 -DDEBUG -DUSE_HAL_DRIVER -DSTM32L475xx -c -I../Core/Inc -I"C:/Users/158184/STM32CubeIDE/workspace_1.7.0/07_RTOS_stm32l475/ThirdParty/FreeRTOS/portable" -I"C:/Users/158184/STM32CubeIDE/workspace_1.7.0/07_RTOS_stm32l475/ThirdParty/FreeRTOS/include" -I"C:/Users/158184/STM32CubeIDE/workspace_1.7.0/07_RTOS_stm32l475/ThirdParty/FreeRTOS" -I../Drivers/STM32L4xx_HAL_Driver/Inc -I../Drivers/STM32L4xx_HAL_Driver/Inc/Legacy -I"C:/Users/158184/STM32CubeIDE/workspace_1.7.0/07_RTOS_stm32l475/ThirdParty/FreeRTOS/portable/GCC/ARM_CM4F" -I../Drivers/CMSIS/Device/ST/STM32L4xx/Include -I../Drivers/CMSIS/Include -O0 -ffunction-sections -fdata-sections -Wall -fstack-usage -MMD -MP -MF"Drivers/STM32L4xx_HAL_Driver/Src/stm32l4xx_hal_tim.d" -MT"Drivers/STM32L4xx_HAL_Driver/Src/stm32l4xx_hal_tim.o" --specs=nano.specs -mfpu=fpv4-sp-d16 -mfloat-abi=hard -mthumb -o "Drivers/STM32L4xx_HAL_Driver/Src/stm32l4xx_hal_tim.o"
arm-none-eabi-gcc "../Drivers/STM32L4xx_HAL_Driver/Src/stm32l4xx_hal_tim_ex.c" -mcpu=cortex-m4 -std=gnu11 -g3 -DDEBUG -DUSE_HAL_DRIVER -DSTM32L475xx -c -I../Core/Inc -I"C:/Users/158184/STM32CubeIDE/workspace_1.7.0/07_RTOS_stm32l475/ThirdParty/FreeRTOS/portable" -I"C:/Users/158184/STM32CubeIDE/workspace_1.7.0/07_RTOS_stm32l475/ThirdParty/FreeRTOS/include" -I"C:/Users/158184/STM32CubeIDE/workspace_1.7.0/07_RTOS_stm32l475/ThirdParty/FreeRTOS" -I../Drivers/STM32L4xx_HAL_Driver/Inc -I../Drivers/STM32L4xx_HAL_Driver/Inc/Legacy -I"C:/Users/158184/STM32CubeIDE/workspace_1.7.0/07_RTOS_stm32l475/ThirdParty/FreeRTOS/portable/GCC/ARM_CM4F" -I../Drivers/CMSIS/Device/ST/STM32L4xx/Include -I../Drivers/CMSIS/Include -O0 -ffunction-sections -fdata-sections -Wall -fstack-usage -MMD -MP -MF"Drivers/STM32L4xx_HAL_Driver/Src/stm32l4xx_hal_tim_ex.d" -MT"Drivers/STM32L4xx_HAL_Driver/Src/stm32l4xx_hal_tim_ex.o" --specs=nano.specs -mfpu=fpv4-sp-d16 -mfloat-abi=hard -mthumb -o "Drivers/STM32L4xx_HAL_Driver/Src/stm32l4xx_hal_tim_ex.o"
arm-none-eabi-gcc -mcpu=cortex-m4 -g3 -DDEBUG -c -x assembler-with-cpp -MMD -MP -MF"Core/Startup/startup_stm32l475vgtx.d" -MT"Core/Startup/startup_stm32l475vgtx.o" --specs=nano.specs -mfpu=fpv4-sp-d16 -mfloat-abi=hard -mthumb -o "Core/Startup/startup_stm32l475vgtx.o" "../Core/Startup/startup_stm32l475vgtx.s"
arm-none-eabi-gcc "../Core/Src/main.c" -mcpu=cortex-m4 -std=gnu11 -g3 -DDEBUG -DUSE_HAL_DRIVER -DSTM32L475xx -c -I../Core/Inc -I"C:/Users/158184/STM32CubeIDE/workspace_1.7.0/07_RTOS_stm32l475/ThirdParty/FreeRTOS/portable" -I"C:/Users/158184/STM32CubeIDE/workspace_1.7.0/07_RTOS_stm32l475/ThirdParty/FreeRTOS/include" -I"C:/Users/158184/STM32CubeIDE/workspace_1.7.0/07_RTOS_stm32l475/ThirdParty/FreeRTOS" -I../Drivers/STM32L4xx_HAL_Driver/Inc -I../Drivers/STM32L4xx_HAL_Driver/Inc/Legacy -I"C:/Users/158184/STM32CubeIDE/workspace_1.7.0/07_RTOS_stm32l475/ThirdParty/FreeRTOS/portable/GCC/ARM_CM4F" -I../Drivers/CMSIS/Device/ST/STM32L4xx/Include -I../Drivers/CMSIS/Include -O0 -ffunction-sections -fdata-sections -Wall -fstack-usage -MMD -MP -MF"Core/Src/main.d" -MT"Core/Src/main.o" --specs=nano.specs -mfpu=fpv4-sp-d16 -mfloat-abi=hard -mthumb -o "Core/Src/main.o"
arm-none-eabi-gcc "../Core/Src/stm32l4xx_hal_msp.c" -mcpu=cortex-m4 -std=gnu11 -g3 -DDEBUG -DUSE_HAL_DRIVER -DSTM32L475xx -c -I../Core/Inc -I"C:/Users/158184/STM32CubeIDE/workspace_1.7.0/07_RTOS_stm32l475/ThirdParty/FreeRTOS/portable" -I"C:/Users/158184/STM32CubeIDE/workspace_1.7.0/07_RTOS_stm32l475/ThirdParty/FreeRTOS/include" -I"C:/Users/158184/STM32CubeIDE/workspace_1.7.0/07_RTOS_stm32l475/ThirdParty/FreeRTOS" -I../Drivers/STM32L4xx_HAL_Driver/Inc -I../Drivers/STM32L4xx_HAL_Driver/Inc/Legacy -I"C:/Users/158184/STM32CubeIDE/workspace_1.7.0/07_RTOS_stm32l475/ThirdParty/FreeRTOS/portable/GCC/ARM_CM4F" -I../Drivers/CMSIS/Device/ST/STM32L4xx/Include -I../Drivers/CMSIS/Include -O0 -ffunction-sections -fdata-sections -Wall -fstack-usage -MMD -MP -MF"Core/Src/stm32l4xx_hal_msp.d" -MT"Core/Src/stm32l4xx_hal_msp.o" --specs=nano.specs -mfpu=fpv4-sp-d16 -mfloat-abi=hard -mthumb -o "Core/Src/stm32l4xx_hal_msp.o"
arm-none-eabi-gcc "../Core/Src/stm32l4xx_it.c" -mcpu=cortex-m4 -std=gnu11 -g3 -DDEBUG -DUSE_HAL_DRIVER -DSTM32L475xx -c -I../Core/Inc -I"C:/Users/158184/STM32CubeIDE/workspace_1.7.0/07_RTOS_stm32l475/ThirdParty/FreeRTOS/portable" -I"C:/Users/158184/STM32CubeIDE/workspace_1.7.0/07_RTOS_stm32l475/ThirdParty/FreeRTOS/include" -I"C:/Users/158184/STM32CubeIDE/workspace_1.7.0/07_RTOS_stm32l475/ThirdParty/FreeRTOS" -I../Drivers/STM32L4xx_HAL_Driver/Inc -I../Drivers/STM32L4xx_HAL_Driver/Inc/Legacy -I"C:/Users/158184/STM32CubeIDE/workspace_1.7.0/07_RTOS_stm32l475/ThirdParty/FreeRTOS/portable/GCC/ARM_CM4F" -I../Drivers/CMSIS/Device/ST/STM32L4xx/Include -I../Drivers/CMSIS/Include -O0 -ffunction-sections -fdata-sections -Wall -fstack-usage -MMD -MP -MF"Core/Src/stm32l4xx_it.d" -MT"Core/Src/stm32l4xx_it.o" --specs=nano.specs -mfpu=fpv4-sp-d16 -mfloat-abi=hard -mthumb -o "Core/Src/stm32l4xx_it.o"
arm-none-eabi-gcc "../Core/Src/syscalls.c" -mcpu=cortex-m4 -std=gnu11 -g3 -DDEBUG -DUSE_HAL_DRIVER -DSTM32L475xx -c -I../Core/Inc -I"C:/Users/158184/STM32CubeIDE/workspace_1.7.0/07_RTOS_stm32l475/ThirdParty/FreeRTOS/portable" -I"C:/Users/158184/STM32CubeIDE/workspace_1.7.0/07_RTOS_stm32l475/ThirdParty/FreeRTOS/include" -I"C:/Users/158184/STM32CubeIDE/workspace_1.7.0/07_RTOS_stm32l475/ThirdParty/FreeRTOS" -I../Drivers/STM32L4xx_HAL_Driver/Inc -I../Drivers/STM32L4xx_HAL_Driver/Inc/Legacy -I"C:/Users/158184/STM32CubeIDE/workspace_1.7.0/07_RTOS_stm32l475/ThirdParty/FreeRTOS/portable/GCC/ARM_CM4F" -I../Drivers/CMSIS/Device/ST/STM32L4xx/Include -I../Drivers/CMSIS/Include -O0 -ffunction-sections -fdata-sections -Wall -fstack-usage -MMD -MP -MF"Core/Src/syscalls.d" -MT"Core/Src/syscalls.o" --specs=nano.specs -mfpu=fpv4-sp-d16 -mfloat-abi=hard -mthumb -o "Core/Src/syscalls.o"
arm-none-eabi-gcc "../Core/Src/system_stm32l4xx.c" -mcpu=cortex-m4 -std=gnu11 -g3 -DDEBUG -DUSE_HAL_DRIVER -DSTM32L475xx -c -I../Core/Inc -I"C:/Users/158184/STM32CubeIDE/workspace_1.7.0/07_RTOS_stm32l475/ThirdParty/FreeRTOS/portable" -I"C:/Users/158184/STM32CubeIDE/workspace_1.7.0/07_RTOS_stm32l475/ThirdParty/FreeRTOS/include" -I"C:/Users/158184/STM32CubeIDE/workspace_1.7.0/07_RTOS_stm32l475/ThirdParty/FreeRTOS" -I../Drivers/STM32L4xx_HAL_Driver/Inc -I../Drivers/STM32L4xx_HAL_Driver/Inc/Legacy -I"C:/Users/158184/STM32CubeIDE/workspace_1.7.0/07_RTOS_stm32l475/ThirdParty/FreeRTOS/portable/GCC/ARM_CM4F" -I../Drivers/CMSIS/Device/ST/STM32L4xx/Include -I../Drivers/CMSIS/Include -O0 -ffunction-sections -fdata-sections -Wall -fstack-usage -MMD -MP -MF"Core/Src/system_stm32l4xx.d" -MT"Core/Src/system_stm32l4xx.o" --specs=nano.specs -mfpu=fpv4-sp-d16 -mfloat-abi=hard -mthumb -o "Core/Src/system_stm32l4xx.o"
arm-none-eabi-gcc -o "07_1_RTOS_stm32l475.elf" @"objects.list"   -mcpu=cortex-m4 -T"C:\Users\158184\STM32CubeIDE\workspace_1.7.0\07_RTOS_stm32l475\STM32L475VGTX_FLASH.ld" --specs=nosys.specs -Wl,-Map="07_1_RTOS_stm32l475.map" -Wl,--gc-sections -static --specs=nano.specs -mfpu=fpv4-sp-d16 -mfloat-abi=hard -mthumb -Wl,--start-group -lc -lm -Wl,--end-group
Finished building target: 07_1_RTOS_stm32l475.elf
 
arm-none-eabi-size   07_1_RTOS_stm32l475.elf 
arm-none-eabi-objdump -h -S  07_1_RTOS_stm32l475.elf  > "07_1_RTOS_stm32l475.list"
arm-none-eabi-objcopy  -O binary  07_1_RTOS_stm32l475.elf  "07_1_RTOS_stm32l475.bin"
   text	   data	    bss	    dec	    hex	filename
  19848	    128	  18384	  38360	   95d8	07_1_RTOS_stm32l475.elf
Finished building: default.size.stdout
 
Finished building: 07_1_RTOS_stm32l475.bin
 
Finished building: 07_1_RTOS_stm32l475.list
 

12:30:52 Build Finished. 0 errors, 0 warnings. (took 4s.926ms)

