13:07:02 **** Incremental Build of configuration Debug for project Day5_freeRTOS_Project ****
make -j8 all 
arm-none-eabi-gcc "../Core/Src/stm32f4xx_it.c" -mcpu=cortex-m4 -std=gnu11 -g3 -DDEBUG -DUSE_HAL_DRIVER -DSTM32F407xx -c -I../Core/Inc -I"C:/Users/158184/STM32CubeIDE/workspace_1.7.0/Day5_freeRTOS_Project/ThirdParty/FreeRTOS" -I"C:/Users/158184/STM32CubeIDE/workspace_1.7.0/Day5_freeRTOS_Project/ThirdParty/FreeRTOS/include" -I"C:/Users/158184/STM32CubeIDE/workspace_1.7.0/Day5_freeRTOS_Project/ThirdParty/FreeRTOS/portable/GCC/ARM_CM4F" -I../Drivers/STM32F4xx_HAL_Driver/Inc -I../Drivers/STM32F4xx_HAL_Driver/Inc/Legacy -I../Drivers/CMSIS/Device/ST/STM32F4xx/Include -I../Drivers/CMSIS/Include -O0 -ffunction-sections -fdata-sections -Wall -fstack-usage -MMD -MP -MF"Core/Src/stm32f4xx_it.d" -MT"Core/Src/stm32f4xx_it.o" --specs=nano.specs -mfpu=fpv4-sp-d16 -mfloat-abi=hard -mthumb -o "Core/Src/stm32f4xx_it.o"
arm-none-eabi-gcc -o "Day5_freeRTOS_Project.elf" @"objects.list"   -mcpu=cortex-m4 -T"C:\Users\158184\STM32CubeIDE\workspace_1.7.0\Day5_freeRTOS_Project\STM32F407VGTX_FLASH.ld" --specs=nosys.specs -Wl,-Map="Day5_freeRTOS_Project.map" -Wl,--gc-sections -static --specs=nano.specs -mfpu=fpv4-sp-d16 -mfloat-abi=hard -mthumb -Wl,--start-group -lc -lm -Wl,--end-group
Finished building target: Day5_freeRTOS_Project.elf
 
arm-none-eabi-size   Day5_freeRTOS_Project.elf 
arm-none-eabi-objdump -h -S  Day5_freeRTOS_Project.elf  > "Day5_freeRTOS_Project.list"
arm-none-eabi-objcopy  -O binary  Day5_freeRTOS_Project.elf  "Day5_freeRTOS_Project.bin"
   text	   data	    bss	    dec	    hex	filename
   8980	     20	   1780	  10780	   2a1c	Day5_freeRTOS_Project.elf
Finished building: default.size.stdout
 
Finished building: Day5_freeRTOS_Project.bin
 
Finished building: Day5_freeRTOS_Project.list
 

13:07:02 Build Finished. 0 errors, 0 warnings. (took 777ms)

